Archive member included because of file (symbol)

c:/program files (x86)/atmel/atmel toolchain/arm gcc/native/4.8.1426/arm-gnu-toolchain/bin/../lib/gcc/arm-none-eabi/4.8.3/armv6-m\libgcc.a(_udivsi3.o)
                              src/ASF/sam0/drivers/system/clock/clock_samd21_r21/clock.o (__aeabi_uidiv)
c:/program files (x86)/atmel/atmel toolchain/arm gcc/native/4.8.1426/arm-gnu-toolchain/bin/../lib/gcc/arm-none-eabi/4.8.3/armv6-m\libgcc.a(_dvmd_tls.o)
                              c:/program files (x86)/atmel/atmel toolchain/arm gcc/native/4.8.1426/arm-gnu-toolchain/bin/../lib/gcc/arm-none-eabi/4.8.3/armv6-m\libgcc.a(_udivsi3.o) (__aeabi_idiv0)
c:/program files (x86)/atmel/atmel toolchain/arm gcc/native/4.8.1426/arm-gnu-toolchain/bin/../lib/gcc/arm-none-eabi/4.8.3/../../../../arm-none-eabi/lib/armv6-m\libc.a(lib_a-atexit.o)
                              c:/program files (x86)/atmel/atmel toolchain/arm gcc/native/4.8.1426/arm-gnu-toolchain/bin/../lib/gcc/arm-none-eabi/4.8.3/../../../../arm-none-eabi/lib/armv6-m/crt0.o (atexit)
c:/program files (x86)/atmel/atmel toolchain/arm gcc/native/4.8.1426/arm-gnu-toolchain/bin/../lib/gcc/arm-none-eabi/4.8.3/../../../../arm-none-eabi/lib/armv6-m\libc.a(lib_a-exit.o)
                              c:/program files (x86)/atmel/atmel toolchain/arm gcc/native/4.8.1426/arm-gnu-toolchain/bin/../lib/gcc/arm-none-eabi/4.8.3/../../../../arm-none-eabi/lib/armv6-m/crt0.o (exit)
c:/program files (x86)/atmel/atmel toolchain/arm gcc/native/4.8.1426/arm-gnu-toolchain/bin/../lib/gcc/arm-none-eabi/4.8.3/../../../../arm-none-eabi/lib/armv6-m\libc.a(lib_a-fini.o)
                              c:/program files (x86)/atmel/atmel toolchain/arm gcc/native/4.8.1426/arm-gnu-toolchain/bin/../lib/gcc/arm-none-eabi/4.8.3/../../../../arm-none-eabi/lib/armv6-m/crt0.o (__libc_fini_array)
c:/program files (x86)/atmel/atmel toolchain/arm gcc/native/4.8.1426/arm-gnu-toolchain/bin/../lib/gcc/arm-none-eabi/4.8.3/../../../../arm-none-eabi/lib/armv6-m\libc.a(lib_a-impure.o)
                              c:/program files (x86)/atmel/atmel toolchain/arm gcc/native/4.8.1426/arm-gnu-toolchain/bin/../lib/gcc/arm-none-eabi/4.8.3/../../../../arm-none-eabi/lib/armv6-m\libc.a(lib_a-exit.o) (_global_impure_ptr)
c:/program files (x86)/atmel/atmel toolchain/arm gcc/native/4.8.1426/arm-gnu-toolchain/bin/../lib/gcc/arm-none-eabi/4.8.3/../../../../arm-none-eabi/lib/armv6-m\libc.a(lib_a-init.o)
                              c:/program files (x86)/atmel/atmel toolchain/arm gcc/native/4.8.1426/arm-gnu-toolchain/bin/../lib/gcc/arm-none-eabi/4.8.3/../../../../arm-none-eabi/lib/armv6-m/crt0.o (__libc_init_array)
c:/program files (x86)/atmel/atmel toolchain/arm gcc/native/4.8.1426/arm-gnu-toolchain/bin/../lib/gcc/arm-none-eabi/4.8.3/../../../../arm-none-eabi/lib/armv6-m\libc.a(lib_a-memset.o)
                              c:/program files (x86)/atmel/atmel toolchain/arm gcc/native/4.8.1426/arm-gnu-toolchain/bin/../lib/gcc/arm-none-eabi/4.8.3/../../../../arm-none-eabi/lib/armv6-m/crt0.o (memset)
c:/program files (x86)/atmel/atmel toolchain/arm gcc/native/4.8.1426/arm-gnu-toolchain/bin/../lib/gcc/arm-none-eabi/4.8.3/../../../../arm-none-eabi/lib/armv6-m\libc.a(lib_a-printf.o)
                              src/ASF/sam0/utils/syscalls/gcc/syscalls.o (printf)
c:/program files (x86)/atmel/atmel toolchain/arm gcc/native/4.8.1426/arm-gnu-toolchain/bin/../lib/gcc/arm-none-eabi/4.8.3/../../../../arm-none-eabi/lib/armv6-m\libc.a(lib_a-vfprintf.o)
                              c:/program files (x86)/atmel/atmel toolchain/arm gcc/native/4.8.1426/arm-gnu-toolchain/bin/../lib/gcc/arm-none-eabi/4.8.3/../../../../arm-none-eabi/lib/armv6-m\libc.a(lib_a-printf.o) (_vfprintf_r)
c:/program files (x86)/atmel/atmel toolchain/arm gcc/native/4.8.1426/arm-gnu-toolchain/bin/../lib/gcc/arm-none-eabi/4.8.3/../../../../arm-none-eabi/lib/armv6-m\libc.a(lib_a-wsetup.o)
                              c:/program files (x86)/atmel/atmel toolchain/arm gcc/native/4.8.1426/arm-gnu-toolchain/bin/../lib/gcc/arm-none-eabi/4.8.3/../../../../arm-none-eabi/lib/armv6-m\libc.a(lib_a-vfprintf.o) (__swsetup_r)
c:/program files (x86)/atmel/atmel toolchain/arm gcc/native/4.8.1426/arm-gnu-toolchain/bin/../lib/gcc/arm-none-eabi/4.8.3/../../../../arm-none-eabi/lib/armv6-m\libc.a(lib_a-__atexit.o)
                              c:/program files (x86)/atmel/atmel toolchain/arm gcc/native/4.8.1426/arm-gnu-toolchain/bin/../lib/gcc/arm-none-eabi/4.8.3/../../../../arm-none-eabi/lib/armv6-m\libc.a(lib_a-atexit.o) (__register_exitproc)
c:/program files (x86)/atmel/atmel toolchain/arm gcc/native/4.8.1426/arm-gnu-toolchain/bin/../lib/gcc/arm-none-eabi/4.8.3/../../../../arm-none-eabi/lib/armv6-m\libc.a(lib_a-__call_atexit.o)
                              c:/program files (x86)/atmel/atmel toolchain/arm gcc/native/4.8.1426/arm-gnu-toolchain/bin/../lib/gcc/arm-none-eabi/4.8.3/../../../../arm-none-eabi/lib/armv6-m\libc.a(lib_a-exit.o) (__call_exitprocs)
[...]
Memory Configuration

Name             Origin             Length             Attributes
rom              0x00000000         0x00040000         xr
ram              0x20000000         0x00008000         xrw
*default*        0x00000000         0xffffffff

Linker script and memory map

LOAD c:/program files (x86)/atmel/atmel toolchain/arm gcc/native/4.8.1426/arm-gnu-toolchain/bin/../lib/gcc/arm-none-eabi/4.8.3/armv6-m/crti.o
LOAD c:/program files (x86)/atmel/atmel toolchain/arm gcc/native/4.8.1426/arm-gnu-toolchain/bin/../lib/gcc/arm-none-eabi/4.8.3/armv6-m/crtbegin.o
LOAD c:/program files (x86)/atmel/atmel toolchain/arm gcc/native/4.8.1426/arm-gnu-toolchain/bin/../lib/gcc/arm-none-eabi/4.8.3/../../../../arm-none-eabi/lib/armv6-m/crt0.o
LOAD src/application_specific/gates.o
LOAD src/application_specific/triggers.o
LOAD src/ASF/common/utils/interrupt/interrupt_sam_nvic.o
LOAD src/ASF/sam0/boards/samd21_xplained_pro/board_init.o
LOAD src/ASF/sam0/drivers/extint/extint.o
LOAD src/ASF/sam0/drivers/extint/extint_callback.o
LOAD src/ASF/sam0/drivers/port/port.o
LOAD src/ASF/sam0/drivers/system/clock/clock_samd21_r21/clock.o
LOAD src/ASF/sam0/drivers/system/clock/clock_samd21_r21/gclk.o
LOAD src/ASF/sam0/drivers/system/interrupt/system_interrupt.o
LOAD src/ASF/sam0/drivers/system/pinmux/pinmux.o
LOAD src/ASF/sam0/drivers/system/system.o
LOAD src/ASF/sam0/drivers/tcc/tcc.o
LOAD src/ASF/sam0/drivers/tcc/tcc_callback.o
LOAD src/ASF/sam0/utils/cmsis/samd21/source/gcc/startup_samd21.o
LOAD src/ASF/sam0/utils/cmsis/samd21/source/system_samd21.o
LOAD src/ASF/sam0/utils/syscalls/gcc/syscalls.o
LOAD src/main.o
START GROUP
LOAD ../src/ASF/thirdparty/CMSIS/Lib/GCC\libarm_cortexM0l_math.a
LOAD c:/program files (x86)/atmel/atmel toolchain/arm gcc/native/4.8.1426/arm-gnu-toolchain/bin/../lib/gcc/arm-none-eabi/4.8.3/../../../../arm-none-eabi/lib/armv6-m\libm.a
END GROUP
START GROUP
LOAD c:/program files (x86)/atmel/atmel toolchain/arm gcc/native/4.8.1426/arm-gnu-toolchain/bin/../lib/gcc/arm-none-eabi/4.8.3/armv6-m\libgcc.a
LOAD c:/program files (x86)/atmel/atmel toolchain/arm gcc/native/4.8.1426/arm-gnu-toolchain/bin/../lib/gcc/arm-none-eabi/4.8.3/../../../../arm-none-eabi/lib/armv6-m\libc.a
END GROUP
LOAD c:/program files (x86)/atmel/atmel toolchain/arm gcc/native/4.8.1426/arm-gnu-toolchain/bin/../lib/gcc/arm-none-eabi/4.8.3/armv6-m/crtend.o
LOAD c:/program files (x86)/atmel/atmel toolchain/arm gcc/native/4.8.1426/arm-gnu-toolchain/bin/../lib/gcc/arm-none-eabi/4.8.3/armv6-m/crtn.o
                0x00002000                STACK_SIZE = DEFINED (STACK_SIZE)?STACK_SIZE:DEFINED (__stack_size__)?__stack_size__:0x2000

.text           0x00000000     0x1238
                0x00000000                . = ALIGN (0x4)
                0x00000000                _sfixed = .
 *(.vectors .vectors.*)
 .vectors       0x00000000       0xb0 src/ASF/sam0/utils/cmsis/samd21/source/gcc/startup_samd21.o
                0x00000000                exception_table
 *(.text .text.* .gnu.linkonce.t.*)
 .text          0x000000b0       0xbc c:/program files (x86)/atmel/atmel toolchain/arm gcc/native/4.8.1426/arm-gnu-toolchain/bin/../lib/gcc/arm-none-eabi/4.8.3/armv6-m/crtbegin.o
 .text.gates_init
                0x0000016c       0x6c src/application_specific/gates.o
                0x0000016c                gates_init
 .text.gates_unblock_start_line
                0x000001d8       0x10 src/application_specific/gates.o
                0x000001d8                gates_unblock_start_line
 .text.gates_unblock_finish_line
                0x000001e8       0x10 src/application_specific/gates.o
                0x000001e8                gates_unblock_finish_line
 .text.trigger1_detection_callback
                0x000001f8       0x30 src/application_specific/triggers.o
                0x000001f8                trigger1_detection_callback
 .text.configure_trigger1_channel
                0x00000228       0x28 src/application_specific/triggers.o
                0x00000228                configure_trigger1_channel
 .text.configure_trigger1_callbacks
                0x00000250       0x24 src/application_specific/triggers.o
                0x00000250                configure_trigger1_callbacks
 .text.configure_trigger2_channel
                0x00000274       0x28 src/application_specific/triggers.o
                0x00000274                configure_trigger2_channel
 .text.configure_trigger2_callbacks
                0x0000029c       0x24 src/application_specific/triggers.o
                0x0000029c                configure_trigger2_callbacks
 .text.cpu_irq_enter_critical
                0x000002c0       0x40 src/ASF/common/utils/interrupt/interrupt_sam_nvic.o
                0x000002c0                cpu_irq_enter_critical
 .text.cpu_irq_leave_critical
                0x00000300       0x30 src/ASF/common/utils/interrupt/interrupt_sam_nvic.o
                0x00000300                cpu_irq_leave_critical
 .text.system_board_init
                0x00000330       0x38 src/ASF/sam0/boards/samd21_xplained_pro/board_init.o
                0x00000330                board_init
                0x00000330                system_board_init
 .text._extint_enable
                0x00000368       0x1c src/ASF/sam0/drivers/extint/extint.o
 .text._system_extint_init
                0x00000384       0x6c src/ASF/sam0/drivers/extint/extint.o
                0x00000384                _system_extint_init
 .text.extint_chan_set_config
                0x000003f0       0x78 src/ASF/sam0/drivers/extint/extint.o
                0x000003f0                extint_chan_set_config
 .text.extint_register_callback
                0x00000468       0x30 src/ASF/sam0/drivers/extint/extint_callback.o
                0x00000468                extint_register_callback
 .text.extint_chan_enable_callback
                0x00000498       0x20 src/ASF/sam0/drivers/extint/extint_callback.o
                0x00000498                extint_chan_enable_callback
 .text.EIC_Handler
                0x000004b8       0x6c src/ASF/sam0/drivers/extint/extint_callback.o
                0x000004b8                EIC_Handler
 .text.port_pin_set_config
                0x00000524       0x24 src/ASF/sam0/drivers/port/port.o
                0x00000524                port_pin_set_config
 .text.system_clock_source_osc8m_set_config
                0x00000548       0x3c src/ASF/sam0/drivers/system/clock/clock_samd21_r21/clock.o
                0x00000548                system_clock_source_osc8m_set_config
 .text.system_clock_source_enable
                0x00000584       0xa8 src/ASF/sam0/drivers/system/clock/clock_samd21_r21/clock.o
                0x00000584                system_clock_source_enable
 .text.system_clock_init
                0x0000062c       0x9c src/ASF/sam0/drivers/system/clock/clock_samd21_r21/clock.o
                0x0000062c                system_clock_init
 .text.system_gclk_init
                0x000006c8       0x24 src/ASF/sam0/drivers/system/clock/clock_samd21_r21/gclk.o
                0x000006c8                system_gclk_init
 .text.system_gclk_gen_set_config
                0x000006ec       0xb0 src/ASF/sam0/drivers/system/clock/clock_samd21_r21/gclk.o
                0x000006ec                system_gclk_gen_set_config
 .text.system_gclk_gen_enable
                0x0000079c       0x40 src/ASF/sam0/drivers/system/clock/clock_samd21_r21/gclk.o
                0x0000079c                system_gclk_gen_enable
 .text.system_gclk_chan_enable
                0x000007dc       0x30 src/ASF/sam0/drivers/system/clock/clock_samd21_r21/gclk.o
                0x000007dc                system_gclk_chan_enable
 .text.system_gclk_chan_disable
                0x0000080c       0x60 src/ASF/sam0/drivers/system/clock/clock_samd21_r21/gclk.o
                0x0000080c                system_gclk_chan_disable
 .text.system_gclk_chan_set_config
                0x0000086c       0x1c src/ASF/sam0/drivers/system/clock/clock_samd21_r21/gclk.o
                0x0000086c                system_gclk_chan_set_config
 .text._system_pinmux_config
                0x00000888       0x8c src/ASF/sam0/drivers/system/pinmux/pinmux.o
 .text.system_pinmux_pin_set_config
                0x00000914       0x2c src/ASF/sam0/drivers/system/pinmux/pinmux.o
                0x00000914                system_pinmux_pin_set_config
 .text._system_dummy_init
                0x00000940        0x4 src/ASF/sam0/drivers/system/system.o
                0x00000940                _system_dummy_init
                0x00000940                _system_events_init
 .text.HardFault_Handler
                0x00000944        0x4 src/ASF/sam0/drivers/system/system.o
                0x00000944                HardFault_Handler
 .text.system_init
                0x00000948       0x24 src/ASF/sam0/drivers/system/system.o
                0x00000948                system_init
 .text._tcc_get_inst_index
                0x0000096c       0x30 src/ASF/sam0/drivers/tcc/tcc.o
                0x0000096c                _tcc_get_inst_index
 .text.tcc_get_config_defaults
                0x0000099c      0x14c src/ASF/sam0/drivers/tcc/tcc.o
                0x0000099c                tcc_get_config_defaults
 .text.tcc_init
                0x00000ae8      0x3f4 src/ASF/sam0/drivers/tcc/tcc.o
                0x00000ae8                tcc_init
 .text._tcc_interrupt_handler
                0x00000edc       0x48 src/ASF/sam0/drivers/tcc/tcc_callback.o
                0x00000edc                _tcc_interrupt_handler
 .text.TCC0_Handler
                0x00000f24       0x10 src/ASF/sam0/drivers/tcc/tcc_callback.o
                0x00000f24                TCC0_Handler
 .text.TCC1_Handler
                0x00000f34       0x10 src/ASF/sam0/drivers/tcc/tcc_callback.o
                0x00000f34                TCC1_Handler
 .text.TCC2_Handler
                0x00000f44       0x10 src/ASF/sam0/drivers/tcc/tcc_callback.o
                0x00000f44                TCC2_Handler
 .text.Dummy_Handler
                0x00000f54        0x4 src/ASF/sam0/utils/cmsis/samd21/source/gcc/startup_samd21.o
                0x00000f54                DMAC_Handler
                0x00000f54                AC_Handler
                0x00000f54                SysTick_Handler
                0x00000f54                PendSV_Handler
                0x00000f54                NMI_Handler
                0x00000f54                TC7_Handler
                0x00000f54                SERCOM1_Handler
                0x00000f54                ADC_Handler
                0x00000f54                SERCOM2_Handler
                0x00000f54                RTC_Handler
                0x00000f54                TC6_Handler
                0x00000f54                WDT_Handler
                0x00000f54                TC4_Handler
                0x00000f54                USB_Handler
                0x00000f54                TC3_Handler
                0x00000f54                Dummy_Handler
                0x00000f54                PM_Handler
                0x00000f54                SERCOM5_Handler
                0x00000f54                SVC_Handler
                0x00000f54                EVSYS_Handler
                0x00000f54                SERCOM3_Handler
                0x00000f54                SERCOM4_Handler
                0x00000f54                I2S_Handler
                0x00000f54                NVMCTRL_Handler
                0x00000f54                SERCOM0_Handler
                0x00000f54                DAC_Handler
                0x00000f54                PTC_Handler
                0x00000f54                TC5_Handler
                0x00000f54                SYSCTRL_Handler
 .text.Reset_Handler
                0x00000f58       0x90 src/ASF/sam0/utils/cmsis/samd21/source/gcc/startup_samd21.o
                0x00000f58                Reset_Handler
 .text.main     0x00000fe8       0x74 src/main.o
                0x00000fe8                main
 .text          0x0000105c       0x10 c:/program files (x86)/atmel/atmel toolchain/arm gcc/native/4.8.1426/arm-gnu-toolchain/bin/../lib/gcc/arm-none-eabi/4.8.3/../../../../arm-none-eabi/lib/armv6-m\libc.a(lib_a-atexit.o)
                0x0000105c                atexit
 .text          0x0000106c       0x28 c:/program files (x86)/atmel/atmel toolchain/arm gcc/native/4.8.1426/arm-gnu-toolchain/bin/../lib/gcc/arm-none-eabi/4.8.3/../../../../arm-none-eabi/lib/armv6-m\libc.a(lib_a-fini.o)
                0x0000106c                __libc_fini_array
 .text          0x00001094       0x4c c:/program files (x86)/atmel/atmel toolchain/arm gcc/native/4.8.1426/arm-gnu-toolchain/bin/../lib/gcc/arm-none-eabi/4.8.3/../../../../arm-none-eabi/lib/armv6-m\libc.a(lib_a-init.o)
                0x00001094                __libc_init_array
 .text          0x000010e0       0x9c c:/program files (x86)/atmel/atmel toolchain/arm gcc/native/4.8.1426/arm-gnu-toolchain/bin/../lib/gcc/arm-none-eabi/4.8.3/../../../../arm-none-eabi/lib/armv6-m\libc.a(lib_a-__atexit.o)
                0x000010e0                __register_exitproc
 .text.startup  0x0000117c       0x18 c:/program files (x86)/atmel/atmel toolchain/arm gcc/native/4.8.1426/arm-gnu-toolchain/bin/../lib/gcc/arm-none-eabi/4.8.3/../../../../arm-none-eabi/lib/armv6-m\libc.a(lib_a-__call_atexit.o)
 *(.glue_7t)
 .glue_7t       0x00000000        0x0 linker stubs
 *(.glue_7)
 .glue_7        0x00000000        0x0 linker stubs
 *(.rodata .rodata* .gnu.linkonce.r.*)
 .rodata.system_clock_source_enable
                0x00001194       0x24 src/ASF/sam0/drivers/system/clock/clock_samd21_r21/clock.o
 .rodata._tcc_gclk_ids
                0x000011b8        0x4 src/ASF/sam0/drivers/tcc/tcc.o
                0x000011b8                _tcc_gclk_ids
 .rodata._tcc_pm_apbcmasks
                0x000011bc        0xc src/ASF/sam0/drivers/tcc/tcc.o
                0x000011bc                _tcc_pm_apbcmasks
 .rodata._tcc_maxs
                0x000011c8        0xc src/ASF/sam0/drivers/tcc/tcc.o
                0x000011c8                _tcc_maxs
 .rodata._tcc_cc_nums
                0x000011d4        0x4 src/ASF/sam0/drivers/tcc/tcc.o
                0x000011d4                _tcc_cc_nums
 .rodata._tcc_ow_nums
                0x000011d8        0x4 src/ASF/sam0/drivers/tcc/tcc.o
                0x000011d8                _tcc_ow_nums
 .rodata._tcc_intflag
                0x000011dc       0x30 src/ASF/sam0/drivers/tcc/tcc_callback.o
                0x000011dc                _tcc_intflag
 .rodata        0x0000120c        0x4 c:/program files (x86)/atmel/atmel toolchain/arm gcc/native/4.8.1426/arm-gnu-toolchain/bin/../lib/gcc/arm-none-eabi/4.8.3/../../../../arm-none-eabi/lib/armv6-m\libc.a(lib_a-impure.o)
                0x0000120c                _global_impure_ptr
 .rodata.str1.1
                0x00001210        0x2 c:/program files (x86)/atmel/atmel toolchain/arm gcc/native/4.8.1426/arm-gnu-toolchain/bin/../lib/gcc/arm-none-eabi/4.8.3/../../../../arm-none-eabi/lib/armv6-m\libc.a(lib_a-impure.o)
 *(.ARM.extab* .gnu.linkonce.armextab.*)
                0x00001214                . = ALIGN (0x4)
 *fill*         0x00001212        0x2 
 *(.init)
 .init          0x00001214        0x4 c:/program files (x86)/atmel/atmel toolchain/arm gcc/native/4.8.1426/arm-gnu-toolchain/bin/../lib/gcc/arm-none-eabi/4.8.3/armv6-m/crti.o
                0x00001214                _init
 .init          0x00001218        0x8 c:/program files (x86)/atmel/atmel toolchain/arm gcc/native/4.8.1426/arm-gnu-toolchain/bin/../lib/gcc/arm-none-eabi/4.8.3/armv6-m/crtn.o
                0x00001220                . = ALIGN (0x4)
                0x00001220                __preinit_array_start = .
 *(.preinit_array)
                0x00001220                __preinit_array_end = .
                0x00001220                . = ALIGN (0x4)
                0x00001220                __init_array_start = .
 *(SORT(.init_array.*))
 .init_array.00000
                0x00001220        0x4 c:/program files (x86)/atmel/atmel toolchain/arm gcc/native/4.8.1426/arm-gnu-toolchain/bin/../lib/gcc/arm-none-eabi/4.8.3/../../../../arm-none-eabi/lib/armv6-m\libc.a(lib_a-__call_atexit.o)
 *(.init_array)
 .init_array    0x00001224        0x4 c:/program files (x86)/atmel/atmel toolchain/arm gcc/native/4.8.1426/arm-gnu-toolchain/bin/../lib/gcc/arm-none-eabi/4.8.3/armv6-m/crtbegin.o
                0x00001228                __init_array_end = .
                0x00001228                . = ALIGN (0x4)
 *crtbegin.o(.ctors)
 *(EXCLUDE_FILE(*crtend.o) .ctors)
 *(SORT(.ctors.*))
 *crtend.o(.ctors)
                0x00001228                . = ALIGN (0x4)
 *(.fini)
 .fini          0x00001228        0x4 c:/program files (x86)/atmel/atmel toolchain/arm gcc/native/4.8.1426/arm-gnu-toolchain/bin/../lib/gcc/arm-none-eabi/4.8.3/armv6-m/crti.o
                0x00001228                _fini
 .fini          0x0000122c        0x8 c:/program files (x86)/atmel/atmel toolchain/arm gcc/native/4.8.1426/arm-gnu-toolchain/bin/../lib/gcc/arm-none-eabi/4.8.3/armv6-m/crtn.o
                0x00001234                . = ALIGN (0x4)
                0x00001234                __fini_array_start = .
 *(.fini_array)
 .fini_array    0x00001234        0x4 c:/program files (x86)/atmel/atmel toolchain/arm gcc/native/4.8.1426/arm-gnu-toolchain/bin/../lib/gcc/arm-none-eabi/4.8.3/armv6-m/crtbegin.o
 *(SORT(.fini_array.*))
                0x00001238                __fini_array_end = .
 *crtbegin.o(.dtors)
 *(EXCLUDE_FILE(*crtend.o) .dtors)
 *(SORT(.dtors.*))
 *crtend.o(.dtors)
                0x00001238                . = ALIGN (0x4)
                0x00001238                _efixed = .
                0x00001238                PROVIDE (__exidx_start, .)

.vfp11_veneer   0x00001238        0x0
 .vfp11_veneer  0x00000000        0x0 linker stubs

.v4_bx          0x00001238        0x0
 .v4_bx         0x00000000        0x0 linker stubs

.iplt           0x00001238        0x0
 .iplt          0x00000000        0x0 c:/program files (x86)/atmel/atmel toolchain/arm gcc/native/4.8.1426/arm-gnu-toolchain/bin/../lib/gcc/arm-none-eabi/4.8.3/armv6-m/crtbegin.o

.eh_frame       0x00001238        0x0
 .eh_frame      0x00001238        0x0 c:/program files (x86)/atmel/atmel toolchain/arm gcc/native/4.8.1426/arm-gnu-toolchain/bin/../lib/gcc/arm-none-eabi/4.8.3/armv6-m/crtbegin.o

.rel.dyn        0x00001238        0x0
 .rel.iplt      0x00000000        0x0 c:/program files (x86)/atmel/atmel toolchain/arm gcc/native/4.8.1426/arm-gnu-toolchain/bin/../lib/gcc/arm-none-eabi/4.8.3/armv6-m/crtbegin.o

.jcr            0x00001238        0x0
 .jcr           0x00001238        0x0 c:/program files (x86)/atmel/atmel toolchain/arm gcc/native/4.8.1426/arm-gnu-toolchain/bin/../lib/gcc/arm-none-eabi/4.8.3/armv6-m/crtbegin.o

.tm_clone_table
                0x00001238        0x0
 .tm_clone_table
                0x00001238        0x0 c:/program files (x86)/atmel/atmel toolchain/arm gcc/native/4.8.1426/arm-gnu-toolchain/bin/../lib/gcc/arm-none-eabi/4.8.3/armv6-m/crtbegin.o
 .tm_clone_table
                0x00001238        0x0 c:/program files (x86)/atmel/atmel toolchain/arm gcc/native/4.8.1426/arm-gnu-toolchain/bin/../lib/gcc/arm-none-eabi/4.8.3/armv6-m/crtend.o

.igot.plt       0x00001238        0x0
 .igot.plt      0x00000000        0x0 c:/program files (x86)/atmel/atmel toolchain/arm gcc/native/4.8.1426/arm-gnu-toolchain/bin/../lib/gcc/arm-none-eabi/4.8.3/armv6-m/crtbegin.o

.ARM.exidx
 *(.ARM.exidx* .gnu.linkonce.armexidx.*)
                0x00001238                PROVIDE (__exidx_end, .)
                0x00001238                . = ALIGN (0x4)
                0x00001238                _etext = .

.relocate       0x20000000      0x438 load address 0x00001238
                0x20000000                . = ALIGN (0x4)
                0x20000000                _srelocate = .
 *(.ramfunc .ramfunc.*)
 *(.data .data.*)
 .data.g_interrupt_enabled
                0x20000000        0x1 src/ASF/common/utils/interrupt/interrupt_sam_nvic.o
                0x20000000                g_interrupt_enabled
 *fill*         0x20000001        0x7 
 .data          0x20000008      0x430 c:/program files (x86)/atmel/atmel toolchain/arm gcc/native/4.8.1426/arm-gnu-toolchain/bin/../lib/gcc/arm-none-eabi/4.8.3/../../../../arm-none-eabi/lib/armv6-m\libc.a(lib_a-impure.o)
                0x20000008                _impure_ptr
                0x20000438                . = ALIGN (0x4)
                0x20000438                _erelocate = .

.bss            0x20000438       0xcc load address 0x00001670
                0x20000438                . = ALIGN (0x4)
                0x20000438                _sbss = .
                0x20000438                _szero = .
 *(.bss .bss.*)
 .bss           0x20000438       0x1c c:/program files (x86)/atmel/atmel toolchain/arm gcc/native/4.8.1426/arm-gnu-toolchain/bin/../lib/gcc/arm-none-eabi/4.8.3/armv6-m/crtbegin.o
 .bss.cpu_irq_critical_section_counter
                0x20000454        0x4 src/ASF/common/utils/interrupt/interrupt_sam_nvic.o
 .bss.cpu_irq_prev_interrupt_state
                0x20000458        0x1 src/ASF/common/utils/interrupt/interrupt_sam_nvic.o
 *fill*         0x20000459        0x3 
 .bss._system_clock_inst
                0x2000045c       0x18 src/ASF/sam0/drivers/system/clock/clock_samd21_r21/clock.o
 *(COMMON)
 COMMON         0x20000474       0x40 src/application_specific/gates.o
                0x20000474                gates
 COMMON         0x200004b4       0x40 src/ASF/sam0/drivers/extint/extint.o
                0x200004b4                _extint_dev
 COMMON         0x200004f4        0x1 src/ASF/sam0/drivers/extint/extint_callback.o
                0x200004f4                _current_channel
 *fill*         0x200004f5        0x3 
 COMMON         0x200004f8        0xc src/ASF/sam0/drivers/tcc/tcc_callback.o
                0x200004f8                _tcc_instances
                0x20000504                . = ALIGN (0x4)
                0x20000504                _ebss = .
                0x20000504                _ezero = .

.stack          0x20000504     0x2004 load address 0x0000173c
                0x20000508                . = ALIGN (0x8)
 *fill*         0x20000504        0x4 
                0x20000508                _sstack = .
                0x20002508                . = (. + STACK_SIZE)
 *fill*         0x20000508     0x2000 
                0x20002508                . = ALIGN (0x8)
                0x20002508                _estack = .
                0x20002508                . = ALIGN (0x4)
                0x20002508                _end = .
OUTPUT(Tank_course.elf elf32-littlearm)

.ARM.attributes
                0x00000000       0x28
 .ARM.attributes
                0x00000000       0x1e c:/program files (x86)/atmel/atmel toolchain/arm gcc/native/4.8.1426/arm-gnu-toolchain/bin/../lib/gcc/arm-none-eabi/4.8.3/armv6-m/crti.o
 .ARM.attributes
                0x0000001e       0x2c c:/program files (x86)/atmel/atmel toolchain/arm gcc/native/4.8.1426/arm-gnu-toolchain/bin/../lib/gcc/arm-none-eabi/4.8.3/armv6-m/crtbegin.o
 .ARM.attributes
                0x0000004a       0x32 src/application_specific/gates.o
 .ARM.attributes
                0x0000007c       0x32 src/application_specific/triggers.o
 .ARM.attributes
                0x000000ae       0x32 src/ASF/common/utils/interrupt/interrupt_sam_nvic.o
 .ARM.attributes
                0x000000e0       0x32 src/ASF/sam0/boards/samd21_xplained_pro/board_init.o
 .ARM.attributes
                0x00000112       0x32 src/ASF/sam0/drivers/extint/extint.o
 .ARM.attributes
                0x00000144       0x32 src/ASF/sam0/drivers/extint/extint_callback.o
 .ARM.attributes
                0x00000176       0x32 src/ASF/sam0/drivers/port/port.o
 .ARM.attributes
                0x000001a8       0x32 src/ASF/sam0/drivers/system/clock/clock_samd21_r21/clock.o
 .ARM.attributes
                0x000001da       0x32 src/ASF/sam0/drivers/system/clock/clock_samd21_r21/gclk.o
 .ARM.attributes
                0x0000020c       0x32 src/ASF/sam0/drivers/system/pinmux/pinmux.o
 .ARM.attributes
                0x0000023e       0x32 src/ASF/sam0/drivers/system/system.o
 .ARM.attributes
                0x00000270       0x32 src/ASF/sam0/drivers/tcc/tcc.o
 .ARM.attributes
                0x000002a2       0x32 src/ASF/sam0/drivers/tcc/tcc_callback.o
 .ARM.attributes
                0x000002d4       0x32 src/ASF/sam0/utils/cmsis/samd21/source/gcc/startup_samd21.o
 .ARM.attributes
                0x00000306       0x32 src/main.o
 .ARM.attributes
                0x00000338       0x2c c:/program files (x86)/atmel/atmel toolchain/arm gcc/native/4.8.1426/arm-gnu-toolchain/bin/../lib/gcc/arm-none-eabi/4.8.3/../../../../arm-none-eabi/lib/armv6-m\libc.a(lib_a-atexit.o)
 .ARM.attributes
                0x00000364       0x2c c:/program files (x86)/atmel/atmel toolchain/arm gcc/native/4.8.1426/arm-gnu-toolchain/bin/../lib/gcc/arm-none-eabi/4.8.3/../../../../arm-none-eabi/lib/armv6-m\libc.a(lib_a-fini.o)
 .ARM.attributes
                0x00000390       0x2c c:/program files (x86)/atmel/atmel toolchain/arm gcc/native/4.8.1426/arm-gnu-toolchain/bin/../lib/gcc/arm-none-eabi/4.8.3/../../../../arm-none-eabi/lib/armv6-m\libc.a(lib_a-impure.o)
 .ARM.attributes
                0x000003bc       0x2c c:/program files (x86)/atmel/atmel toolchain/arm gcc/native/4.8.1426/arm-gnu-toolchain/bin/../lib/gcc/arm-none-eabi/4.8.3/../../../../arm-none-eabi/lib/armv6-m\libc.a(lib_a-init.o)
 .ARM.attributes
                0x000003e8       0x2c c:/program files (x86)/atmel/atmel toolchain/arm gcc/native/4.8.1426/arm-gnu-toolchain/bin/../lib/gcc/arm-none-eabi/4.8.3/../../../../arm-none-eabi/lib/armv6-m\libc.a(lib_a-__atexit.o)
 .ARM.attributes
                0x00000414       0x2c c:/program files (x86)/atmel/atmel toolchain/arm gcc/native/4.8.1426/arm-gnu-toolchain/bin/../lib/gcc/arm-none-eabi/4.8.3/../../../../arm-none-eabi/lib/armv6-m\libc.a(lib_a-__call_atexit.o)
 .ARM.attributes
                0x00000440       0x2c c:/program files (x86)/atmel/atmel toolchain/arm gcc/native/4.8.1426/arm-gnu-toolchain/bin/../lib/gcc/arm-none-eabi/4.8.3/armv6-m/crtend.o
 .ARM.attributes
                0x0000046c       0x1e c:/program files (x86)/atmel/atmel toolchain/arm gcc/native/4.8.1426/arm-gnu-toolchain/bin/../lib/gcc/arm-none-eabi/4.8.3/armv6-m/crtn.o

.comment        0x00000000       0x71
 .comment       0x00000000       0x71 c:/program files (x86)/atmel/atmel toolchain/arm gcc/native/4.8.1426/arm-gnu-toolchain/bin/../lib/gcc/arm-none-eabi/4.8.3/armv6-m/crtbegin.o
                                 0x72 (size before relaxing)
 .comment       0x00000000       0x72 src/application_specific/gates.o
 .comment       0x00000000       0x72 src/application_specific/triggers.o
 .comment       0x00000000       0x72 src/ASF/common/utils/interrupt/interrupt_sam_nvic.o
 .comment       0x00000000       0x72 src/ASF/sam0/boards/samd21_xplained_pro/board_init.o
 .comment       0x00000000       0x72 src/ASF/sam0/drivers/extint/extint.o
 .comment       0x00000000       0x72 src/ASF/sam0/drivers/extint/extint_callback.o
 .comment       0x00000000       0x72 src/ASF/sam0/drivers/port/port.o
 .comment       0x00000000       0x72 src/ASF/sam0/drivers/system/clock/clock_samd21_r21/clock.o
 .comment       0x00000000       0x72 src/ASF/sam0/drivers/system/clock/clock_samd21_r21/gclk.o
 .comment       0x00000000       0x72 src/ASF/sam0/drivers/system/pinmux/pinmux.o
 .comment       0x00000000       0x72 src/ASF/sam0/drivers/system/system.o
 .comment       0x00000000       0x72 src/ASF/sam0/drivers/tcc/tcc.o
 .comment       0x00000000       0x72 src/ASF/sam0/drivers/tcc/tcc_callback.o
 .comment       0x00000000       0x72 src/ASF/sam0/utils/cmsis/samd21/source/gcc/startup_samd21.o
 .comment       0x00000000       0x72 src/main.o
 .comment       0x00000000       0x72 c:/program files (x86)/atmel/atmel toolchain/arm gcc/native/4.8.1426/arm-gnu-toolchain/bin/../lib/gcc/arm-none-eabi/4.8.3/../../../../arm-none-eabi/lib/armv6-m\libc.a(lib_a-atexit.o)
 .comment       0x00000000       0x72 c:/program files (x86)/atmel/atmel toolchain/arm gcc/native/4.8.1426/arm-gnu-toolchain/bin/../lib/gcc/arm-none-eabi/4.8.3/../../../../arm-none-eabi/lib/armv6-m\libc.a(lib_a-fini.o)
 .comment       0x00000000       0x72 c:/program files (x86)/atmel/atmel toolchain/arm gcc/native/4.8.1426/arm-gnu-toolchain/bin/../lib/gcc/arm-none-eabi/4.8.3/../../../../arm-none-eabi/lib/armv6-m\libc.a(lib_a-impure.o)
 .comment       0x00000000       0x72 c:/program files (x86)/atmel/atmel toolchain/arm gcc/native/4.8.1426/arm-gnu-toolchain/bin/../lib/gcc/arm-none-eabi/4.8.3/../../../../arm-none-eabi/lib/armv6-m\libc.a(lib_a-init.o)
 .comment       0x00000000       0x72 c:/program files (x86)/atmel/atmel toolchain/arm gcc/native/4.8.1426/arm-gnu-toolchain/bin/../lib/gcc/arm-none-eabi/4.8.3/../../../../arm-none-eabi/lib/armv6-m\libc.a(lib_a-__atexit.o)
 .comment       0x00000000       0x72 c:/program files (x86)/atmel/atmel toolchain/arm gcc/native/4.8.1426/arm-gnu-toolchain/bin/../lib/gcc/arm-none-eabi/4.8.3/../../../../arm-none-eabi/lib/armv6-m\libc.a(lib_a-__call_atexit.o)
 .comment       0x00000000       0x72 c:/program files (x86)/atmel/atmel toolchain/arm gcc/native/4.8.1426/arm-gnu-toolchain/bin/../lib/gcc/arm-none-eabi/4.8.3/armv6-m/crtend.o

.debug_info     0x00000000    0x19302
 .debug_info    0x00000000     0x2583 src/application_specific/gates.o
 .debug_info    0x00002583     0x29a2 src/application_specific/triggers.o
 .debug_info    0x00004f25      0x1e1 src/ASF/common/utils/interrupt/interrupt_sam_nvic.o
 .debug_info    0x00005106      0x952 src/ASF/sam0/boards/samd21_xplained_pro/board_init.o
 .debug_info    0x00005a58     0x20fb src/ASF/sam0/drivers/extint/extint.o
 .debug_info    0x00007b53     0x1094 src/ASF/sam0/drivers/extint/extint_callback.o
 .debug_info    0x00008be7      0x947 src/ASF/sam0/drivers/port/port.o
 .debug_info    0x0000952e     0x2c78 src/ASF/sam0/drivers/system/clock/clock_samd21_r21/clock.o
 .debug_info    0x0000c1a6     0x1472 src/ASF/sam0/drivers/system/clock/clock_samd21_r21/gclk.o
 .debug_info    0x0000d618      0xa2c src/ASF/sam0/drivers/system/pinmux/pinmux.o
 .debug_info    0x0000e044      0x179 src/ASF/sam0/drivers/system/system.o
 .debug_info    0x0000e1bd     0x3f5d src/ASF/sam0/drivers/tcc/tcc.o
 .debug_info    0x0001211a     0x249d src/ASF/sam0/drivers/tcc/tcc_callback.o
 .debug_info    0x000145b7      0x4a5 src/ASF/sam0/utils/cmsis/samd21/source/gcc/startup_samd21.o
 .debug_info    0x00014a5c     0x2773 src/main.o
 .debug_info    0x000171cf      0x10f c:/program files (x86)/atmel/atmel toolchain/arm gcc/native/4.8.1426/arm-gnu-toolchain/bin/../lib/gcc/arm-none-eabi/4.8.3/../../../../arm-none-eabi/lib/armv6-m\libc.a(lib_a-atexit.o)
 .debug_info    0x000172de       0xf4 c:/program files (x86)/atmel/atmel toolchain/arm gcc/native/4.8.1426/arm-gnu-toolchain/bin/../lib/gcc/arm-none-eabi/4.8.3/../../../../arm-none-eabi/lib/armv6-m\libc.a(lib_a-fini.o)
 .debug_info    0x000173d2      0x96c c:/program files (x86)/atmel/atmel toolchain/arm gcc/native/4.8.1426/arm-gnu-toolchain/bin/../lib/gcc/arm-none-eabi/4.8.3/../../../../arm-none-eabi/lib/armv6-m\libc.a(lib_a-impure.o)
 .debug_info    0x00017d3e      0x112 c:/program files (x86)/atmel/atmel toolchain/arm gcc/native/4.8.1426/arm-gnu-toolchain/bin/../lib/gcc/arm-none-eabi/4.8.3/../../../../arm-none-eabi/lib/armv6-m\libc.a(lib_a-init.o)
 .debug_info    0x00017e50      0xa14 c:/program files (x86)/atmel/atmel toolchain/arm gcc/native/4.8.1426/arm-gnu-toolchain/bin/../lib/gcc/arm-none-eabi/4.8.3/../../../../arm-none-eabi/lib/armv6-m\libc.a(lib_a-__atexit.o)
 .debug_info    0x00018864      0xa9e c:/program files (x86)/atmel/atmel toolchain/arm gcc/native/4.8.1426/arm-gnu-toolchain/bin/../lib/gcc/arm-none-eabi/4.8.3/../../../../arm-none-eabi/lib/armv6-m\libc.a(lib_a-__call_atexit.o)

.debug_abbrev   0x00000000     0x2ddd
 .debug_abbrev  0x00000000      0x275 src/application_specific/gates.o
 .debug_abbrev  0x00000275      0x2c7 src/application_specific/triggers.o
 .debug_abbrev  0x0000053c       0xf6 src/ASF/common/utils/interrupt/interrupt_sam_nvic.o
 .debug_abbrev  0x00000632      0x25a src/ASF/sam0/boards/samd21_xplained_pro/board_init.o
 .debug_abbrev  0x0000088c      0x3da src/ASF/sam0/drivers/extint/extint.o
 .debug_abbrev  0x00000c66      0x297 src/ASF/sam0/drivers/extint/extint_callback.o
 .debug_abbrev  0x00000efd      0x1e9 src/ASF/sam0/drivers/port/port.o
 .debug_abbrev  0x000010e6      0x393 src/ASF/sam0/drivers/system/clock/clock_samd21_r21/clock.o
 .debug_abbrev  0x00001479      0x350 src/ASF/sam0/drivers/system/clock/clock_samd21_r21/gclk.o
 .debug_abbrev  0x000017c9      0x296 src/ASF/sam0/drivers/system/pinmux/pinmux.o
 .debug_abbrev  0x00001a5f       0xb9 src/ASF/sam0/drivers/system/system.o
 .debug_abbrev  0x00001b18      0x40f src/ASF/sam0/drivers/tcc/tcc.o
 .debug_abbrev  0x00001f27      0x2d9 src/ASF/sam0/drivers/tcc/tcc_callback.o
 .debug_abbrev  0x00002200      0x12e src/ASF/sam0/utils/cmsis/samd21/source/gcc/startup_samd21.o
 .debug_abbrev  0x0000232e      0x2d9 src/main.o
 .debug_abbrev  0x00002607       0xb3 c:/program files (x86)/atmel/atmel toolchain/arm gcc/native/4.8.1426/arm-gnu-toolchain/bin/../lib/gcc/arm-none-eabi/4.8.3/../../../../arm-none-eabi/lib/armv6-m\libc.a(lib_a-atexit.o)
 .debug_abbrev  0x000026ba       0xb6 c:/program files (x86)/atmel/atmel toolchain/arm gcc/native/4.8.1426/arm-gnu-toolchain/bin/../lib/gcc/arm-none-eabi/4.8.3/../../../../arm-none-eabi/lib/armv6-m\libc.a(lib_a-fini.o)
 .debug_abbrev  0x00002770      0x160 c:/program files (x86)/atmel/atmel toolchain/arm gcc/native/4.8.1426/arm-gnu-toolchain/bin/../lib/gcc/arm-none-eabi/4.8.3/../../../../arm-none-eabi/lib/armv6-m\libc.a(lib_a-impure.o)
 .debug_abbrev  0x000028d0       0xb8 c:/program files (x86)/atmel/atmel toolchain/arm gcc/native/4.8.1426/arm-gnu-toolchain/bin/../lib/gcc/arm-none-eabi/4.8.3/../../../../arm-none-eabi/lib/armv6-m\libc.a(lib_a-init.o)
 .debug_abbrev  0x00002988      0x1ef c:/program files (x86)/atmel/atmel toolchain/arm gcc/native/4.8.1426/arm-gnu-toolchain/bin/../lib/gcc/arm-none-eabi/4.8.3/../../../../arm-none-eabi/lib/armv6-m\libc.a(lib_a-__atexit.o)
 .debug_abbrev  0x00002b77      0x266 c:/program files (x86)/atmel/atmel toolchain/arm gcc/native/4.8.1426/arm-gnu-toolchain/bin/../lib/gcc/arm-none-eabi/4.8.3/../../../../arm-none-eabi/lib/armv6-m\libc.a(lib_a-__call_atexit.o)

.debug_loc      0x00000000     0x4127
 .debug_loc     0x00000000       0x2d src/application_specific/gates.o
 .debug_loc     0x0000002d      0x1b4 src/application_specific/triggers.o
 .debug_loc     0x000001e1       0x1e src/ASF/common/utils/interrupt/interrupt_sam_nvic.o
 .debug_loc     0x000001ff       0x59 src/ASF/sam0/boards/samd21_xplained_pro/board_init.o
 .debug_loc     0x00000258      0x424 src/ASF/sam0/drivers/extint/extint.o
 .debug_loc     0x0000067c      0x22b src/ASF/sam0/drivers/extint/extint_callback.o
 .debug_loc     0x000008a7      0x16d src/ASF/sam0/drivers/port/port.o
 .debug_loc     0x00000a14     0x107c src/ASF/sam0/drivers/system/clock/clock_samd21_r21/clock.o
 .debug_loc     0x00001a90      0x48e src/ASF/sam0/drivers/system/clock/clock_samd21_r21/gclk.o
 .debug_loc     0x00001f1e      0x2cc src/ASF/sam0/drivers/system/pinmux/pinmux.o
 .debug_loc     0x000021ea       0x20 src/ASF/sam0/drivers/system/system.o
 .debug_loc     0x0000220a     0x1792 src/ASF/sam0/drivers/tcc/tcc.o
 .debug_loc     0x0000399c      0x266 src/ASF/sam0/drivers/tcc/tcc_callback.o
 .debug_loc     0x00003c02       0x7c src/ASF/sam0/utils/cmsis/samd21/source/gcc/startup_samd21.o
 .debug_loc     0x00003c7e       0x5f src/main.o
 .debug_loc     0x00003cdd       0x4c c:/program files (x86)/atmel/atmel toolchain/arm gcc/native/4.8.1426/arm-gnu-toolchain/bin/../lib/gcc/arm-none-eabi/4.8.3/../../../../arm-none-eabi/lib/armv6-m\libc.a(lib_a-atexit.o)
 .debug_loc     0x00003d29       0x4b c:/program files (x86)/atmel/atmel toolchain/arm gcc/native/4.8.1426/arm-gnu-toolchain/bin/../lib/gcc/arm-none-eabi/4.8.3/../../../../arm-none-eabi/lib/armv6-m\libc.a(lib_a-fini.o)
 .debug_loc     0x00003d74       0x74 c:/program files (x86)/atmel/atmel toolchain/arm gcc/native/4.8.1426/arm-gnu-toolchain/bin/../lib/gcc/arm-none-eabi/4.8.3/../../../../arm-none-eabi/lib/armv6-m\libc.a(lib_a-init.o)
 .debug_loc     0x00003de8      0x14c c:/program files (x86)/atmel/atmel toolchain/arm gcc/native/4.8.1426/arm-gnu-toolchain/bin/../lib/gcc/arm-none-eabi/4.8.3/../../../../arm-none-eabi/lib/armv6-m\libc.a(lib_a-__atexit.o)
 .debug_loc     0x00003f34      0x1f3 c:/program files (x86)/atmel/atmel toolchain/arm gcc/native/4.8.1426/arm-gnu-toolchain/bin/../lib/gcc/arm-none-eabi/4.8.3/../../../../arm-none-eabi/lib/armv6-m\libc.a(lib_a-__call_atexit.o)

.debug_aranges  0x00000000      0x4e8
 .debug_aranges
                0x00000000       0x30 src/application_specific/gates.o
 .debug_aranges
                0x00000030       0x48 src/application_specific/triggers.o
 .debug_aranges
                0x00000078       0x28 src/ASF/common/utils/interrupt/interrupt_sam_nvic.o
 .debug_aranges
                0x000000a0       0x20 src/ASF/sam0/boards/samd21_xplained_pro/board_init.o
 .debug_aranges
                0x000000c0       0x48 src/ASF/sam0/drivers/extint/extint.o
 .debug_aranges
                0x00000108       0x48 src/ASF/sam0/drivers/extint/extint_callback.o
 .debug_aranges
                0x00000150       0x28 src/ASF/sam0/drivers/port/port.o
 .debug_aranges
                0x00000178       0x78 src/ASF/sam0/drivers/system/clock/clock_samd21_r21/clock.o
 .debug_aranges
                0x000001f0       0x80 src/ASF/sam0/drivers/system/clock/clock_samd21_r21/gclk.o
 .debug_aranges
                0x00000270       0x38 src/ASF/sam0/drivers/system/pinmux/pinmux.o
 .debug_aranges
                0x000002a8       0x30 src/ASF/sam0/drivers/system/system.o
 .debug_aranges
                0x000002d8       0xb0 src/ASF/sam0/drivers/tcc/tcc.o
 .debug_aranges
                0x00000388       0x58 src/ASF/sam0/drivers/tcc/tcc_callback.o
 .debug_aranges
                0x000003e0       0x28 src/ASF/sam0/utils/cmsis/samd21/source/gcc/startup_samd21.o
 .debug_aranges
                0x00000408       0x20 src/main.o
 .debug_aranges
                0x00000428       0x20 c:/program files (x86)/atmel/atmel toolchain/arm gcc/native/4.8.1426/arm-gnu-toolchain/bin/../lib/gcc/arm-none-eabi/4.8.3/../../../../arm-none-eabi/lib/armv6-m\libc.a(lib_a-atexit.o)
 .debug_aranges
                0x00000448       0x20 c:/program files (x86)/atmel/atmel toolchain/arm gcc/native/4.8.1426/arm-gnu-toolchain/bin/../lib/gcc/arm-none-eabi/4.8.3/../../../../arm-none-eabi/lib/armv6-m\libc.a(lib_a-fini.o)
 .debug_aranges
                0x00000468       0x18 c:/program files (x86)/atmel/atmel toolchain/arm gcc/native/4.8.1426/arm-gnu-toolchain/bin/../lib/gcc/arm-none-eabi/4.8.3/../../../../arm-none-eabi/lib/armv6-m\libc.a(lib_a-impure.o)
 .debug_aranges
                0x00000480       0x20 c:/program files (x86)/atmel/atmel toolchain/arm gcc/native/4.8.1426/arm-gnu-toolchain/bin/../lib/gcc/arm-none-eabi/4.8.3/../../../../arm-none-eabi/lib/armv6-m\libc.a(lib_a-init.o)
 .debug_aranges
                0x000004a0       0x20 c:/program files (x86)/atmel/atmel toolchain/arm gcc/native/4.8.1426/arm-gnu-toolchain/bin/../lib/gcc/arm-none-eabi/4.8.3/../../../../arm-none-eabi/lib/armv6-m\libc.a(lib_a-__atexit.o)
 .debug_aranges
                0x000004c0       0x28 c:/program files (x86)/atmel/atmel toolchain/arm gcc/native/4.8.1426/arm-gnu-toolchain/bin/../lib/gcc/arm-none-eabi/4.8.3/../../../../arm-none-eabi/lib/armv6-m\libc.a(lib_a-__call_atexit.o)

.debug_ranges   0x00000000      0x460
 .debug_ranges  0x00000000       0x20 src/application_specific/gates.o
 .debug_ranges  0x00000020       0x68 src/application_specific/triggers.o
 .debug_ranges  0x00000088       0x18 src/ASF/common/utils/interrupt/interrupt_sam_nvic.o
 .debug_ranges  0x000000a0       0x10 src/ASF/sam0/boards/samd21_xplained_pro/board_init.o
 .debug_ranges  0x000000b0       0x38 src/ASF/sam0/drivers/extint/extint.o
 .debug_ranges  0x000000e8       0x60 src/ASF/sam0/drivers/extint/extint_callback.o
 .debug_ranges  0x00000148       0x18 src/ASF/sam0/drivers/port/port.o
 .debug_ranges  0x00000160       0x68 src/ASF/sam0/drivers/system/clock/clock_samd21_r21/clock.o
 .debug_ranges  0x000001c8       0x70 src/ASF/sam0/drivers/system/clock/clock_samd21_r21/gclk.o
 .debug_ranges  0x00000238       0x28 src/ASF/sam0/drivers/system/pinmux/pinmux.o
 .debug_ranges  0x00000260       0x20 src/ASF/sam0/drivers/system/system.o
 .debug_ranges  0x00000280      0x128 src/ASF/sam0/drivers/tcc/tcc.o
 .debug_ranges  0x000003a8       0x48 src/ASF/sam0/drivers/tcc/tcc_callback.o
 .debug_ranges  0x000003f0       0x18 src/ASF/sam0/utils/cmsis/samd21/source/gcc/startup_samd21.o
 .debug_ranges  0x00000408       0x40 src/main.o
 .debug_ranges  0x00000448       0x18 c:/program files (x86)/atmel/atmel toolchain/arm gcc/native/4.8.1426/arm-gnu-toolchain/bin/../lib/gcc/arm-none-eabi/4.8.3/../../../../arm-none-eabi/lib/armv6-m\libc.a(lib_a-__call_atexit.o)

.debug_macro    0x00000000    0x180b5
 .debug_macro   0x00000000      0x526 src/application_specific/gates.o
 .debug_macro   0x00000526      0x838 src/application_specific/gates.o
 .debug_macro   0x00000d5e      0x166 src/application_specific/gates.o
 .debug_macro   0x00000ec4      0x476 src/application_specific/gates.o
 .debug_macro   0x0000133a       0x52 src/application_specific/gates.o
 .debug_macro   0x0000138c       0x16 src/application_specific/gates.o
 .debug_macro   0x000013a2       0x35 src/application_specific/gates.o
 .debug_macro   0x000013d7       0xa3 src/application_specific/gates.o
 .debug_macro   0x0000147a      0x20e src/application_specific/gates.o
 .debug_macro   0x00001688       0x10 src/application_specific/gates.o
 .debug_macro   0x00001698       0x76 src/application_specific/gates.o
 .debug_macro   0x0000170e       0x16 src/application_specific/gates.o
 .debug_macro   0x00001724      0x6e2 src/application_specific/gates.o
 .debug_macro   0x00001e06      0xddf src/application_specific/gates.o
 .debug_macro   0x00002be5       0x22 src/application_specific/gates.o
 .debug_macro   0x00002c07       0x40 src/application_specific/gates.o
 .debug_macro   0x00002c47       0x3a src/application_specific/gates.o
 .debug_macro   0x00002c81      0x24f src/application_specific/gates.o
 .debug_macro   0x00002ed0      0x682 src/application_specific/gates.o
 .debug_macro   0x00003552      0x8bf src/application_specific/gates.o
 .debug_macro   0x00003e11      0x235 src/application_specific/gates.o
 .debug_macro   0x00004046      0xc67 src/application_specific/gates.o
 .debug_macro   0x00004cad      0x4ce src/application_specific/gates.o
 .debug_macro   0x0000517b      0x9f8 src/application_specific/gates.o
 .debug_macro   0x00005b73      0x82b src/application_specific/gates.o
 .debug_macro   0x0000639e      0x24b src/application_specific/gates.o
 .debug_macro   0x000065e9      0x906 src/application_specific/gates.o
 .debug_macro   0x00006eef      0x225 src/application_specific/gates.o
 .debug_macro   0x00007114      0x77b src/application_specific/gates.o
 .debug_macro   0x0000788f       0x5e src/application_specific/gates.o
 .debug_macro   0x000078ed      0x626 src/application_specific/gates.o
 .debug_macro   0x00007f13      0x3b6 src/application_specific/gates.o
 .debug_macro   0x000082c9      0xc55 src/application_specific/gates.o
 .debug_macro   0x00008f1e     0x1092 src/application_specific/gates.o
 .debug_macro   0x00009fb0      0xc4a src/application_specific/gates.o
 .debug_macro   0x0000abfa      0x6bf src/application_specific/gates.o
 .debug_macro   0x0000b2b9     0x1873 src/application_specific/gates.o
 .debug_macro   0x0000cb2c     0x13be src/application_specific/gates.o
 .debug_macro   0x0000deea      0x34e src/application_specific/gates.o
 .debug_macro   0x0000e238       0x7c src/application_specific/gates.o
 .debug_macro   0x0000e2b4       0xa0 src/application_specific/gates.o
 .debug_macro   0x0000e354       0x4c src/application_specific/gates.o
 .debug_macro   0x0000e3a0       0xc4 src/application_specific/gates.o
 .debug_macro   0x0000e464       0x94 src/application_specific/gates.o
 .debug_macro   0x0000e4f8       0x58 src/application_specific/gates.o
 .debug_macro   0x0000e550      0x364 src/application_specific/gates.o
 .debug_macro   0x0000e8b4       0x82 src/application_specific/gates.o
 .debug_macro   0x0000e936       0xb8 src/application_specific/gates.o
 .debug_macro   0x0000e9ee       0xa0 src/application_specific/gates.o
 .debug_macro   0x0000ea8e       0xb8 src/application_specific/gates.o
 .debug_macro   0x0000eb46       0x1c src/application_specific/gates.o
 .debug_macro   0x0000eb62       0x1c src/application_specific/gates.o
 .debug_macro   0x0000eb7e       0x1c src/application_specific/gates.o
 .debug_macro   0x0000eb9a       0x7c src/application_specific/gates.o
 .debug_macro   0x0000ec16      0x161 src/application_specific/gates.o
 .debug_macro   0x0000ed77       0xdc src/application_specific/gates.o
 .debug_macro   0x0000ee53      0x12f src/application_specific/gates.o
 .debug_macro   0x0000ef82      0x12f src/application_specific/gates.o
 .debug_macro   0x0000f0b1      0x12f src/application_specific/gates.o
 .debug_macro   0x0000f1e0      0x12f src/application_specific/gates.o
 .debug_macro   0x0000f30f      0x12f src/application_specific/gates.o
 .debug_macro   0x0000f43e      0x12f src/application_specific/gates.o
 .debug_macro   0x0000f56d      0x11e src/application_specific/gates.o
 .debug_macro   0x0000f68b       0xe2 src/application_specific/gates.o
 .debug_macro   0x0000f76d       0xe2 src/application_specific/gates.o
 .debug_macro   0x0000f84f       0xe2 src/application_specific/gates.o
 .debug_macro   0x0000f931       0xe2 src/application_specific/gates.o
 .debug_macro   0x0000fa13       0xe2 src/application_specific/gates.o
 .debug_macro   0x0000faf5      0x12c src/application_specific/gates.o
 .debug_macro   0x0000fc21      0x100 src/application_specific/gates.o
 .debug_macro   0x0000fd21       0xf4 src/application_specific/gates.o
 .debug_macro   0x0000fe15      0x408 src/application_specific/gates.o
 .debug_macro   0x0001021d       0x40 src/application_specific/gates.o
 .debug_macro   0x0001025d      0x361 src/application_specific/gates.o
 .debug_macro   0x000105be     0x1fc5 src/application_specific/gates.o
 .debug_macro   0x00012583       0x51 src/application_specific/gates.o
 .debug_macro   0x000125d4       0x16 src/application_specific/gates.o
 .debug_macro   0x000125ea       0x35 src/application_specific/gates.o
 .debug_macro   0x0001261f       0x10 src/application_specific/gates.o
 .debug_macro   0x0001262f       0x3a src/application_specific/gates.o
 .debug_macro   0x00012669       0x52 src/application_specific/gates.o
 .debug_macro   0x000126bb       0x16 src/application_specific/gates.o
 .debug_macro   0x000126d1       0x43 src/application_specific/gates.o
 .debug_macro   0x00012714      0x180 src/application_specific/gates.o
 .debug_macro   0x00012894       0x10 src/application_specific/gates.o
 .debug_macro   0x000128a4       0x22 src/application_specific/gates.o
 .debug_macro   0x000128c6       0xbd src/application_specific/gates.o
 .debug_macro   0x00012983       0x16 src/application_specific/gates.o
 .debug_macro   0x00012999      0x16c src/application_specific/gates.o
 .debug_macro   0x00012b05       0x16 src/application_specific/gates.o
 .debug_macro   0x00012b1b       0x16 src/application_specific/gates.o
 .debug_macro   0x00012b31       0x29 src/application_specific/gates.o
 .debug_macro   0x00012b5a       0x51 src/application_specific/gates.o
 .debug_macro   0x00012bab       0x3f src/application_specific/gates.o
 .debug_macro   0x00012bea      0x3df src/application_specific/gates.o
 .debug_macro   0x00012fc9       0x11 src/application_specific/gates.o
 .debug_macro   0x00012fda       0x10 src/application_specific/gates.o
 .debug_macro   0x00012fea      0x229 src/application_specific/gates.o
 .debug_macro   0x00013213      0x9da src/application_specific/gates.o
 .debug_macro   0x00013bed       0x18 src/application_specific/gates.o
 .debug_macro   0x00013c05       0x2e src/application_specific/gates.o
 .debug_macro   0x00013c33       0x8f src/application_specific/gates.o
 .debug_macro   0x00013cc2       0x22 src/application_specific/gates.o
 .debug_macro   0x00013ce4       0x22 src/application_specific/gates.o
 .debug_macro   0x00013d06      0x520 src/application_specific/triggers.o
 .debug_macro   0x00014226       0x46 src/application_specific/triggers.o
 .debug_macro   0x0001426c      0x450 src/ASF/common/utils/interrupt/interrupt_sam_nvic.o
 .debug_macro   0x000146bc      0x48c src/ASF/sam0/boards/samd21_xplained_pro/board_init.o
 .debug_macro   0x00014b48       0x12 src/ASF/sam0/boards/samd21_xplained_pro/board_init.o
 .debug_macro   0x00014b5a      0x4c4 src/ASF/sam0/drivers/extint/extint.o
 .debug_macro   0x0001501e      0x481 src/ASF/sam0/drivers/extint/extint_callback.o
 .debug_macro   0x0001549f      0x46a src/ASF/sam0/drivers/port/port.o
 .debug_macro   0x00015909      0x4ae src/ASF/sam0/drivers/system/clock/clock_samd21_r21/clock.o
 .debug_macro   0x00015db7      0x26b src/ASF/sam0/drivers/system/clock/clock_samd21_r21/clock.o
 .debug_macro   0x00016022      0x47a src/ASF/sam0/drivers/system/clock/clock_samd21_r21/gclk.o
 .debug_macro   0x0001649c       0x11 src/ASF/sam0/drivers/system/clock/clock_samd21_r21/gclk.o
 .debug_macro   0x000164ad      0x462 src/ASF/sam0/drivers/system/pinmux/pinmux.o
 .debug_macro   0x0001690f      0x47f src/ASF/sam0/drivers/system/system.o
 .debug_macro   0x00016d8e      0x594 src/ASF/sam0/drivers/tcc/tcc.o
 .debug_macro   0x00017322       0x19 src/ASF/sam0/drivers/tcc/tcc.o
 .debug_macro   0x0001733b       0x74 src/ASF/sam0/drivers/tcc/tcc.o
 .debug_macro   0x000173af      0x4c7 src/ASF/sam0/drivers/tcc/tcc_callback.o
 .debug_macro   0x00017876      0x2e5 src/ASF/sam0/utils/cmsis/samd21/source/gcc/startup_samd21.o
 .debug_macro   0x00017b5b       0x3a src/ASF/sam0/utils/cmsis/samd21/source/gcc/startup_samd21.o
 .debug_macro   0x00017b95      0x520 src/main.o

.debug_line     0x00000000     0x9df7
 .debug_line    0x00000000      0xae4 src/application_specific/gates.o
 .debug_line    0x00000ae4      0xb54 src/application_specific/triggers.o
 .debug_line    0x00001638      0x84c src/ASF/common/utils/interrupt/interrupt_sam_nvic.o
 .debug_line    0x00001e84      0x8f5 src/ASF/sam0/boards/samd21_xplained_pro/board_init.o
 .debug_line    0x00002779      0xa9d src/ASF/sam0/drivers/extint/extint.o
 .debug_line    0x00003216      0x95d src/ASF/sam0/drivers/extint/extint_callback.o
 .debug_line    0x00003b73      0x87a src/ASF/sam0/drivers/port/port.o
 .debug_line    0x000043ed      0xb24 src/ASF/sam0/drivers/system/clock/clock_samd21_r21/clock.o
 .debug_line    0x00004f11      0xbf1 src/ASF/sam0/drivers/system/clock/clock_samd21_r21/gclk.o
 .debug_line    0x00005b02      0x894 src/ASF/sam0/drivers/system/pinmux/pinmux.o
 .debug_line    0x00006396      0x8b1 src/ASF/sam0/drivers/system/system.o
 .debug_line    0x00006c47      0xd0a src/ASF/sam0/drivers/tcc/tcc.o
 .debug_line    0x00007951      0x9e1 src/ASF/sam0/drivers/tcc/tcc_callback.o
 .debug_line    0x00008332      0x662 src/ASF/sam0/utils/cmsis/samd21/source/gcc/startup_samd21.o
 .debug_line    0x00008994      0xaeb src/main.o
 .debug_line    0x0000947f      0x10a c:/program files (x86)/atmel/atmel toolchain/arm gcc/native/4.8.1426/arm-gnu-toolchain/bin/../lib/gcc/arm-none-eabi/4.8.3/../../../../arm-none-eabi/lib/armv6-m\libc.a(lib_a-atexit.o)
 .debug_line    0x00009589      0x11b c:/program files (x86)/atmel/atmel toolchain/arm gcc/native/4.8.1426/arm-gnu-toolchain/bin/../lib/gcc/arm-none-eabi/4.8.3/../../../../arm-none-eabi/lib/armv6-m\libc.a(lib_a-fini.o)
 .debug_line    0x000096a4      0x183 c:/program files (x86)/atmel/atmel toolchain/arm gcc/native/4.8.1426/arm-gnu-toolchain/bin/../lib/gcc/arm-none-eabi/4.8.3/../../../../arm-none-eabi/lib/armv6-m\libc.a(lib_a-impure.o)
 .debug_line    0x00009827      0x134 c:/program files (x86)/atmel/atmel toolchain/arm gcc/native/4.8.1426/arm-gnu-toolchain/bin/../lib/gcc/arm-none-eabi/4.8.3/../../../../arm-none-eabi/lib/armv6-m\libc.a(lib_a-init.o)
 .debug_line    0x0000995b      0x235 c:/program files (x86)/atmel/atmel toolchain/arm gcc/native/4.8.1426/arm-gnu-toolchain/bin/../lib/gcc/arm-none-eabi/4.8.3/../../../../arm-none-eabi/lib/armv6-m\libc.a(lib_a-__atexit.o)
 .debug_line    0x00009b90      0x267 c:/program files (x86)/atmel/atmel toolchain/arm gcc/native/4.8.1426/arm-gnu-toolchain/bin/../lib/gcc/arm-none-eabi/4.8.3/../../../../arm-none-eabi/lib/armv6-m\libc.a(lib_a-__call_atexit.o)

.debug_str      0x00000000    0x842e6
 .debug_str     0x00000000    0x7e125 src/application_specific/gates.o
                              0x7e6c8 (size before relaxing)
 .debug_str     0x0007e125      0x576 src/application_specific/triggers.o
                              0x7e19b (size before relaxing)
 .debug_str     0x0007e69b       0x94 src/ASF/common/utils/interrupt/interrupt_sam_nvic.o
                              0x78fc7 (size before relaxing)
 .debug_str     0x0007e72f      0x127 src/ASF/sam0/boards/samd21_xplained_pro/board_init.o
                              0x7cccd (size before relaxing)
 .debug_str     0x0007e856      0xebe src/ASF/sam0/drivers/extint/extint.o
                              0x7a646 (size before relaxing)
 .debug_str     0x0007f714      0x100 src/ASF/sam0/drivers/extint/extint_callback.o
                              0x797f1 (size before relaxing)
 .debug_str     0x0007f814       0x53 src/ASF/sam0/drivers/port/port.o
                              0x79387 (size before relaxing)
 .debug_str     0x0007f867     0x2644 src/ASF/sam0/drivers/system/clock/clock_samd21_r21/clock.o
                              0x7be1c (size before relaxing)
 .debug_str     0x00081eab      0x2ca src/ASF/sam0/drivers/system/clock/clock_samd21_r21/gclk.o
                              0x79b7c (size before relaxing)
 .debug_str     0x00082175      0x130 src/ASF/sam0/drivers/system/pinmux/pinmux.o
                              0x793b4 (size before relaxing)
 .debug_str     0x000822a5       0x47 src/ASF/sam0/drivers/system/system.o
                              0x79019 (size before relaxing)
 .debug_str     0x000822ec     0x12d8 src/ASF/sam0/drivers/tcc/tcc.o
                              0x7c353 (size before relaxing)
 .debug_str     0x000835c4      0x1b0 src/ASF/sam0/drivers/tcc/tcc_callback.o
                              0x7a8d2 (size before relaxing)
 .debug_str     0x00083774      0x39b src/ASF/sam0/utils/cmsis/samd21/source/gcc/startup_samd21.o
                              0x67bd1 (size before relaxing)
 .debug_str     0x00083b0f       0x32 src/main.o
                              0x7df77 (size before relaxing)
 .debug_str     0x00083b41      0x14a c:/program files (x86)/atmel/atmel toolchain/arm gcc/native/4.8.1426/arm-gnu-toolchain/bin/../lib/gcc/arm-none-eabi/4.8.3/../../../../arm-none-eabi/lib/armv6-m\libc.a(lib_a-atexit.o)
                                0x1e3 (size before relaxing)
 .debug_str     0x00083c8b       0x96 c:/program files (x86)/atmel/atmel toolchain/arm gcc/native/4.8.1426/arm-gnu-toolchain/bin/../lib/gcc/arm-none-eabi/4.8.3/../../../../arm-none-eabi/lib/armv6-m\libc.a(lib_a-fini.o)
                                0x1dd (size before relaxing)
 .debug_str     0x00083d21      0x3f0 c:/program files (x86)/atmel/atmel toolchain/arm gcc/native/4.8.1426/arm-gnu-toolchain/bin/../lib/gcc/arm-none-eabi/4.8.3/../../../../arm-none-eabi/lib/armv6-m\libc.a(lib_a-impure.o)
                                0x578 (size before relaxing)
 .debug_str     0x00084111       0xc0 c:/program files (x86)/atmel/atmel toolchain/arm gcc/native/4.8.1426/arm-gnu-toolchain/bin/../lib/gcc/arm-none-eabi/4.8.3/../../../../arm-none-eabi/lib/armv6-m\libc.a(lib_a-init.o)
                                0x207 (size before relaxing)
 .debug_str     0x000841d1       0x66 c:/program files (x86)/atmel/atmel toolchain/arm gcc/native/4.8.1426/arm-gnu-toolchain/bin/../lib/gcc/arm-none-eabi/4.8.3/../../../../arm-none-eabi/lib/armv6-m\libc.a(lib_a-__atexit.o)
                                0x5bf (size before relaxing)
 .debug_str     0x00084237       0xaf c:/program files (x86)/atmel/atmel toolchain/arm gcc/native/4.8.1426/arm-gnu-toolchain/bin/../lib/gcc/arm-none-eabi/4.8.3/../../../../arm-none-eabi/lib/armv6-m\libc.a(lib_a-__call_atexit.o)
                                0x5d7 (size before relaxing)

.debug_frame    0x00000000      0xa7c
 .debug_frame   0x00000000       0x50 src/application_specific/gates.o
 .debug_frame   0x00000050       0xa0 src/application_specific/triggers.o
 .debug_frame   0x000000f0       0x30 src/ASF/common/utils/interrupt/interrupt_sam_nvic.o
 .debug_frame   0x00000120       0x30 src/ASF/sam0/boards/samd21_xplained_pro/board_init.o
 .debug_frame   0x00000150       0xa8 src/ASF/sam0/drivers/extint/extint.o
 .debug_frame   0x000001f8       0x7c src/ASF/sam0/drivers/extint/extint_callback.o
 .debug_frame   0x00000274       0x44 src/ASF/sam0/drivers/port/port.o
 .debug_frame   0x000002b8      0x158 src/ASF/sam0/drivers/system/clock/clock_samd21_r21/clock.o
 .debug_frame   0x00000410      0x14c src/ASF/sam0/drivers/system/clock/clock_samd21_r21/gclk.o
 .debug_frame   0x0000055c       0x7c src/ASF/sam0/drivers/system/pinmux/pinmux.o
 .debug_frame   0x000005d8       0x48 src/ASF/sam0/drivers/system/system.o
 .debug_frame   0x00000620      0x228 src/ASF/sam0/drivers/tcc/tcc.o
 .debug_frame   0x00000848       0xd4 src/ASF/sam0/drivers/tcc/tcc_callback.o
 .debug_frame   0x0000091c       0x38 src/ASF/sam0/utils/cmsis/samd21/source/gcc/startup_samd21.o
 .debug_frame   0x00000954       0x2c src/main.o
 .debug_frame   0x00000980       0x28 c:/program files (x86)/atmel/atmel toolchain/arm gcc/native/4.8.1426/arm-gnu-toolchain/bin/../lib/gcc/arm-none-eabi/4.8.3/../../../../arm-none-eabi/lib/armv6-m\libc.a(lib_a-atexit.o)
 .debug_frame   0x000009a8       0x2c c:/program files (x86)/atmel/atmel toolchain/arm gcc/native/4.8.1426/arm-gnu-toolchain/bin/../lib/gcc/arm-none-eabi/4.8.3/../../../../arm-none-eabi/lib/armv6-m\libc.a(lib_a-fini.o)
 .debug_frame   0x000009d4       0x2c c:/program files (x86)/atmel/atmel toolchain/arm gcc/native/4.8.1426/arm-gnu-toolchain/bin/../lib/gcc/arm-none-eabi/4.8.3/../../../../arm-none-eabi/lib/armv6-m\libc.a(lib_a-init.o)
 .debug_frame   0x00000a00       0x34 c:/program files (x86)/atmel/atmel toolchain/arm gcc/native/4.8.1426/arm-gnu-toolchain/bin/../lib/gcc/arm-none-eabi/4.8.3/../../../../arm-none-eabi/lib/armv6-m\libc.a(lib_a-__atexit.o)
 .debug_frame   0x00000a34       0x48 c:/program files (x86)/atmel/atmel toolchain/arm gcc/native/4.8.1426/arm-gnu-toolchain/bin/../lib/gcc/arm-none-eabi/4.8.3/../../../../arm-none-eabi/lib/armv6-m\libc.a(lib_a-__call_atexit.o)

Cross Reference Table

Symbol                                            File
AC_Handler                                        src/ASF/sam0/utils/cmsis/samd21/source/gcc/startup_samd21.o
ADC_Handler                                       src/ASF/sam0/utils/cmsis/samd21/source/gcc/startup_samd21.o
DAC_Handler                                       src/ASF/sam0/utils/cmsis/samd21/source/gcc/startup_samd21.o
DMAC_Handler                                      src/ASF/sam0/utils/cmsis/samd21/source/gcc/startup_samd21.o
Dummy_Handler                                     src/ASF/sam0/utils/cmsis/samd21/source/gcc/startup_samd21.o
EIC_Handler                                       src/ASF/sam0/drivers/extint/extint_callback.o
EVSYS_Handler                                     src/ASF/sam0/utils/cmsis/samd21/source/gcc/startup_samd21.o
HardFault_Handler                                 src/ASF/sam0/drivers/system/system.o
I2S_Handler                                       src/ASF/sam0/utils/cmsis/samd21/source/gcc/startup_samd21.o
NMI_Handler                                       src/ASF/sam0/utils/cmsis/samd21/source/gcc/startup_samd21.o
NVMCTRL_Handler                                   src/ASF/sam0/utils/cmsis/samd21/source/gcc/startup_samd21.o
PM_Handler                                        src/ASF/sam0/utils/cmsis/samd21/source/gcc/startup_samd21.o
PTC_Handler                                       src/ASF/sam0/utils/cmsis/samd21/source/gcc/startup_samd21.o
PendSV_Handler                                    src/ASF/sam0/utils/cmsis/samd21/source/gcc/startup_samd21.o
RTC_Handler                                       src/ASF/sam0/utils/cmsis/samd21/source/gcc/startup_samd21.o
Reset_Handler                                     src/ASF/sam0/utils/cmsis/samd21/source/gcc/startup_samd21.o
SERCOM0_Handler                                   src/ASF/sam0/utils/cmsis/samd21/source/gcc/startup_samd21.o
SERCOM1_Handler                                   src/ASF/sam0/utils/cmsis/samd21/source/gcc/startup_samd21.o
SERCOM2_Handler                                   src/ASF/sam0/utils/cmsis/samd21/source/gcc/startup_samd21.o
SERCOM3_Handler                                   src/ASF/sam0/utils/cmsis/samd21/source/gcc/startup_samd21.o
SERCOM4_Handler                                   src/ASF/sam0/utils/cmsis/samd21/source/gcc/startup_samd21.o
SERCOM5_Handler                                   src/ASF/sam0/utils/cmsis/samd21/source/gcc/startup_samd21.o
SVC_Handler                                       src/ASF/sam0/utils/cmsis/samd21/source/gcc/startup_samd21.o
SYSCTRL_Handler                                   src/ASF/sam0/utils/cmsis/samd21/source/gcc/startup_samd21.o
SysTick_Handler                                   src/ASF/sam0/utils/cmsis/samd21/source/gcc/startup_samd21.o
SystemCoreClock                                   src/ASF/sam0/utils/cmsis/samd21/source/system_samd21.o
SystemCoreClockUpdate                             src/ASF/sam0/utils/cmsis/samd21/source/system_samd21.o
SystemInit                                        src/ASF/sam0/utils/cmsis/samd21/source/system_samd21.o
TC3_Handler                                       src/ASF/sam0/utils/cmsis/samd21/source/gcc/startup_samd21.o
TC4_Handler                                       src/ASF/sam0/utils/cmsis/samd21/source/gcc/startup_samd21.o
TC5_Handler                                       src/ASF/sam0/utils/cmsis/samd21/source/gcc/startup_samd21.o
TC6_Handler                                       src/ASF/sam0/utils/cmsis/samd21/source/gcc/startup_samd21.o
TC7_Handler                                       src/ASF/sam0/utils/cmsis/samd21/source/gcc/startup_samd21.o
TCC0_Handler                                      src/ASF/sam0/drivers/tcc/tcc_callback.o
TCC1_Handler                                      src/ASF/sam0/drivers/tcc/tcc_callback.o
TCC2_Handler                                      src/ASF/sam0/drivers/tcc/tcc_callback.o
USB_Handler                                       src/ASF/sam0/utils/cmsis/samd21/source/gcc/startup_samd21.o
WDT_Handler                                       src/ASF/sam0/utils/cmsis/samd21/source/gcc/startup_samd21.o
_Balloc                                           c:/program files (x86)/atmel/atmel toolchain/arm gcc/native/4.8.1426/arm-gnu-toolchain/bin/../lib/gcc/arm-none-eabi/4.8.3/../../../../arm-none-eabi/lib/armv6-m\libc.a(lib_a-mprec.o)
                                                  c:/program files (x86)/atmel/atmel toolchain/arm gcc/native/4.8.1426/arm-gnu-toolchain/bin/../lib/gcc/arm-none-eabi/4.8.3/../../../../arm-none-eabi/lib/armv6-m\libc.a(lib_a-dtoa.o)
_Bfree                                            c:/program files (x86)/atmel/atmel toolchain/arm gcc/native/4.8.1426/arm-gnu-toolchain/bin/../lib/gcc/arm-none-eabi/4.8.3/../../../../arm-none-eabi/lib/armv6-m\libc.a(lib_a-mprec.o)
                                                  c:/program files (x86)/atmel/atmel toolchain/arm gcc/native/4.8.1426/arm-gnu-toolchain/bin/../lib/gcc/arm-none-eabi/4.8.3/../../../../arm-none-eabi/lib/armv6-m\libc.a(lib_a-dtoa.o)
_ITM_deregisterTMCloneTable                       c:/program files (x86)/atmel/atmel toolchain/arm gcc/native/4.8.1426/arm-gnu-toolchain/bin/../lib/gcc/arm-none-eabi/4.8.3/armv6-m/crtbegin.o
_ITM_registerTMCloneTable                         c:/program files (x86)/atmel/atmel toolchain/arm gcc/native/4.8.1426/arm-gnu-toolchain/bin/../lib/gcc/arm-none-eabi/4.8.3/armv6-m/crtbegin.o
_Jv_RegisterClasses                               c:/program files (x86)/atmel/atmel toolchain/arm gcc/native/4.8.1426/arm-gnu-toolchain/bin/../lib/gcc/arm-none-eabi/4.8.3/armv6-m/crtbegin.o
_PathLocale                                       c:/program files (x86)/atmel/atmel toolchain/arm gcc/native/4.8.1426/arm-gnu-toolchain/bin/../lib/gcc/arm-none-eabi/4.8.3/../../../../arm-none-eabi/lib/armv6-m\libc.a(lib_a-locale.o)
__TMC_END__                                       c:/program files (x86)/atmel/atmel toolchain/arm gcc/native/4.8.1426/arm-gnu-toolchain/bin/../lib/gcc/arm-none-eabi/4.8.3/armv6-m/crtend.o
                                                  c:/program files (x86)/atmel/atmel toolchain/arm gcc/native/4.8.1426/arm-gnu-toolchain/bin/../lib/gcc/arm-none-eabi/4.8.3/armv6-m/crtbegin.o
__aeabi_cdcmpeq                                   c:/program files (x86)/atmel/atmel toolchain/arm gcc/native/4.8.1426/arm-gnu-toolchain/bin/../lib/gcc/arm-none-eabi/4.8.3/armv6-m\libgcc.a(_arm_cmpdf2.o)
__aeabi_cdcmple                                   c:/program files (x86)/atmel/atmel toolchain/arm gcc/native/4.8.1426/arm-gnu-toolchain/bin/../lib/gcc/arm-none-eabi/4.8.3/armv6-m\libgcc.a(_arm_cmpdf2.o)
__aeabi_cdrcmple                                  c:/program files (x86)/atmel/atmel toolchain/arm gcc/native/4.8.1426/arm-gnu-toolchain/bin/../lib/gcc/arm-none-eabi/4.8.3/armv6-m\libgcc.a(_arm_cmpdf2.o)
__aeabi_d2iz                                      c:/program files (x86)/atmel/atmel toolchain/arm gcc/native/4.8.1426/arm-gnu-toolchain/bin/../lib/gcc/arm-none-eabi/4.8.3/armv6-m\libgcc.a(fixdfsi.o)
                                                  c:/program files (x86)/atmel/atmel toolchain/arm gcc/native/4.8.1426/arm-gnu-toolchain/bin/../lib/gcc/arm-none-eabi/4.8.3/../../../../arm-none-eabi/lib/armv6-m\libc.a(lib_a-dtoa.o)
__aeabi_dadd                                      c:/program files (x86)/atmel/atmel toolchain/arm gcc/native/4.8.1426/arm-gnu-toolchain/bin/../lib/gcc/arm-none-eabi/4.8.3/armv6-m\libgcc.a(adddf3.o)
                                                  c:/program files (x86)/atmel/atmel toolchain/arm gcc/native/4.8.1426/arm-gnu-toolchain/bin/../lib/gcc/arm-none-eabi/4.8.3/../../../../arm-none-eabi/lib/armv6-m\libc.a(lib_a-dtoa.o)
__aeabi_dcmpeq                                    c:/program files (x86)/atmel/atmel toolchain/arm gcc/native/4.8.1426/arm-gnu-toolchain/bin/../lib/gcc/arm-none-eabi/4.8.3/armv6-m\libgcc.a(_arm_cmpdf2.o)
                                                  c:/program files (x86)/atmel/atmel toolchain/arm gcc/native/4.8.1426/arm-gnu-toolchain/bin/../lib/gcc/arm-none-eabi/4.8.3/../../../../arm-none-eabi/lib/armv6-m\libc.a(lib_a-dtoa.o)
                                                  c:/program files (x86)/atmel/atmel toolchain/arm gcc/native/4.8.1426/arm-gnu-toolchain/bin/../lib/gcc/arm-none-eabi/4.8.3/../../../../arm-none-eabi/lib/armv6-m\libc.a(lib_a-vfprintf.o)
__aeabi_dcmpge                                    c:/program files (x86)/atmel/atmel toolchain/arm gcc/native/4.8.1426/arm-gnu-toolchain/bin/../lib/gcc/arm-none-eabi/4.8.3/armv6-m\libgcc.a(_arm_cmpdf2.o)
                                                  c:/program files (x86)/atmel/atmel toolchain/arm gcc/native/4.8.1426/arm-gnu-toolchain/bin/../lib/gcc/arm-none-eabi/4.8.3/../../../../arm-none-eabi/lib/armv6-m\libc.a(lib_a-dtoa.o)
__aeabi_dcmpgt                                    c:/program files (x86)/atmel/atmel toolchain/arm gcc/native/4.8.1426/arm-gnu-toolchain/bin/../lib/gcc/arm-none-eabi/4.8.3/armv6-m\libgcc.a(_arm_cmpdf2.o)
                                                  c:/program files (x86)/atmel/atmel toolchain/arm gcc/native/4.8.1426/arm-gnu-toolchain/bin/../lib/gcc/arm-none-eabi/4.8.3/../../../../arm-none-eabi/lib/armv6-m\libc.a(lib_a-dtoa.o)
__aeabi_dcmple                                    c:/program files (x86)/atmel/atmel toolchain/arm gcc/native/4.8.1426/arm-gnu-toolchain/bin/../lib/gcc/arm-none-eabi/4.8.3/armv6-m\libgcc.a(_arm_cmpdf2.o)
__aeabi_dcmplt                                    c:/program files (x86)/atmel/atmel toolchain/arm gcc/native/4.8.1426/arm-gnu-toolchain/bin/../lib/gcc/arm-none-eabi/4.8.3/armv6-m\libgcc.a(_arm_cmpdf2.o)
                                                  c:/program files (x86)/atmel/atmel toolchain/arm gcc/native/4.8.1426/arm-gnu-toolchain/bin/../lib/gcc/arm-none-eabi/4.8.3/../../../../arm-none-eabi/lib/armv6-m\libc.a(lib_a-dtoa.o)
                                                  c:/program files (x86)/atmel/atmel toolchain/arm gcc/native/4.8.1426/arm-gnu-toolchain/bin/../lib/gcc/arm-none-eabi/4.8.3/../../../../arm-none-eabi/lib/armv6-m\libc.a(lib_a-vfprintf.o)
__aeabi_ddiv                                      c:/program files (x86)/atmel/atmel toolchain/arm gcc/native/4.8.1426/arm-gnu-toolchain/bin/../lib/gcc/arm-none-eabi/4.8.3/armv6-m\libgcc.a(divdf3.o)
                                                  c:/program files (x86)/atmel/atmel toolchain/arm gcc/native/4.8.1426/arm-gnu-toolchain/bin/../lib/gcc/arm-none-eabi/4.8.3/../../../../arm-none-eabi/lib/armv6-m\libc.a(lib_a-mprec.o)
                                                  c:/program files (x86)/atmel/atmel toolchain/arm gcc/native/4.8.1426/arm-gnu-toolchain/bin/../lib/gcc/arm-none-eabi/4.8.3/../../../../arm-none-eabi/lib/armv6-m\libc.a(lib_a-dtoa.o)
__aeabi_dmul                                      c:/program files (x86)/atmel/atmel toolchain/arm gcc/native/4.8.1426/arm-gnu-toolchain/bin/../lib/gcc/arm-none-eabi/4.8.3/armv6-m\libgcc.a(muldf3.o)
                                                  c:/program files (x86)/atmel/atmel toolchain/arm gcc/native/4.8.1426/arm-gnu-toolchain/bin/../lib/gcc/arm-none-eabi/4.8.3/../../../../arm-none-eabi/lib/armv6-m\libc.a(lib_a-mprec.o)
                                                  c:/program files (x86)/atmel/atmel toolchain/arm gcc/native/4.8.1426/arm-gnu-toolchain/bin/../lib/gcc/arm-none-eabi/4.8.3/../../../../arm-none-eabi/lib/armv6-m\libc.a(lib_a-dtoa.o)
__aeabi_dsub                                      c:/program files (x86)/atmel/atmel toolchain/arm gcc/native/4.8.1426/arm-gnu-toolchain/bin/../lib/gcc/arm-none-eabi/4.8.3/armv6-m\libgcc.a(subdf3.o)
                                                  c:/program files (x86)/atmel/atmel toolchain/arm gcc/native/4.8.1426/arm-gnu-toolchain/bin/../lib/gcc/arm-none-eabi/4.8.3/../../../../arm-none-eabi/lib/armv6-m\libc.a(lib_a-dtoa.o)
__aeabi_i2d                                       c:/program files (x86)/atmel/atmel toolchain/arm gcc/native/4.8.1426/arm-gnu-toolchain/bin/../lib/gcc/arm-none-eabi/4.8.3/armv6-m\libgcc.a(floatsidf.o)
                                                  c:/program files (x86)/atmel/atmel toolchain/arm gcc/native/4.8.1426/arm-gnu-toolchain/bin/../lib/gcc/arm-none-eabi/4.8.3/../../../../arm-none-eabi/lib/armv6-m\libc.a(lib_a-dtoa.o)
__aeabi_idiv                                      c:/program files (x86)/atmel/atmel toolchain/arm gcc/native/4.8.1426/arm-gnu-toolchain/bin/../lib/gcc/arm-none-eabi/4.8.3/armv6-m\libgcc.a(_divsi3.o)
                                                  c:/program files (x86)/atmel/atmel toolchain/arm gcc/native/4.8.1426/arm-gnu-toolchain/bin/../lib/gcc/arm-none-eabi/4.8.3/../../../../arm-none-eabi/lib/armv6-m\libc.a(lib_a-fvwrite.o)
                                                  c:/program files (x86)/atmel/atmel toolchain/arm gcc/native/4.8.1426/arm-gnu-toolchain/bin/../lib/gcc/arm-none-eabi/4.8.3/../../../../arm-none-eabi/lib/armv6-m\libc.a(lib_a-mprec.o)
                                                  c:/program files (x86)/atmel/atmel toolchain/arm gcc/native/4.8.1426/arm-gnu-toolchain/bin/../lib/gcc/arm-none-eabi/4.8.3/../../../../arm-none-eabi/lib/armv6-m\libc.a(lib_a-vfprintf.o)
__aeabi_idiv0                                     c:/program files (x86)/atmel/atmel toolchain/arm gcc/native/4.8.1426/arm-gnu-toolchain/bin/../lib/gcc/arm-none-eabi/4.8.3/armv6-m\libgcc.a(_dvmd_tls.o)
                                                  c:/program files (x86)/atmel/atmel toolchain/arm gcc/native/4.8.1426/arm-gnu-toolchain/bin/../lib/gcc/arm-none-eabi/4.8.3/armv6-m\libgcc.a(_divsi3.o)
                                                  c:/program files (x86)/atmel/atmel toolchain/arm gcc/native/4.8.1426/arm-gnu-toolchain/bin/../lib/gcc/arm-none-eabi/4.8.3/armv6-m\libgcc.a(_udivsi3.o)
__aeabi_idivmod                                   c:/program files (x86)/atmel/atmel toolchain/arm gcc/native/4.8.1426/arm-gnu-toolchain/bin/../lib/gcc/arm-none-eabi/4.8.3/armv6-m\libgcc.a(_divsi3.o)
                                                  c:/program files (x86)/atmel/atmel toolchain/arm gcc/native/4.8.1426/arm-gnu-toolchain/bin/../lib/gcc/arm-none-eabi/4.8.3/../../../../arm-none-eabi/lib/armv6-m\libc.a(lib_a-vfprintf.o)
__aeabi_ldiv0                                     c:/program files (x86)/atmel/atmel toolchain/arm gcc/native/4.8.1426/arm-gnu-toolchain/bin/../lib/gcc/arm-none-eabi/4.8.3/armv6-m\libgcc.a(_dvmd_tls.o)
                                                  c:/program files (x86)/atmel/atmel toolchain/arm gcc/native/4.8.1426/arm-gnu-toolchain/bin/../lib/gcc/arm-none-eabi/4.8.3/armv6-m\libgcc.a(_aeabi_uldivmod.o)
__aeabi_lmul                                      c:/program files (x86)/atmel/atmel toolchain/arm gcc/native/4.8.1426/arm-gnu-toolchain/bin/../lib/gcc/arm-none-eabi/4.8.3/armv6-m\libgcc.a(_muldi3.o)
                                                  c:/program files (x86)/atmel/atmel toolchain/arm gcc/native/4.8.1426/arm-gnu-toolchain/bin/../lib/gcc/arm-none-eabi/4.8.3/armv6-m\libgcc.a(bpabi.o)
__aeabi_ui2d                                      c:/program files (x86)/atmel/atmel toolchain/arm gcc/native/4.8.1426/arm-gnu-toolchain/bin/../lib/gcc/arm-none-eabi/4.8.3/armv6-m\libgcc.a(floatunsidf.o)
                                                  c:/program files (x86)/atmel/atmel toolchain/arm gcc/native/4.8.1426/arm-gnu-toolchain/bin/../lib/gcc/arm-none-eabi/4.8.3/../../../../arm-none-eabi/lib/armv6-m\libc.a(lib_a-dtoa.o)
__aeabi_uidiv                                     c:/program files (x86)/atmel/atmel toolchain/arm gcc/native/4.8.1426/arm-gnu-toolchain/bin/../lib/gcc/arm-none-eabi/4.8.3/armv6-m\libgcc.a(_udivsi3.o)
                                                  c:/program files (x86)/atmel/atmel toolchain/arm gcc/native/4.8.1426/arm-gnu-toolchain/bin/../lib/gcc/arm-none-eabi/4.8.3/armv6-m\libgcc.a(_udivdi3.o)
                                                  c:/program files (x86)/atmel/atmel toolchain/arm gcc/native/4.8.1426/arm-gnu-toolchain/bin/../lib/gcc/arm-none-eabi/4.8.3/armv6-m\libgcc.a(_divdi3.o)
                                                  c:/program files (x86)/atmel/atmel toolchain/arm gcc/native/4.8.1426/arm-gnu-toolchain/bin/../lib/gcc/arm-none-eabi/4.8.3/armv6-m\libgcc.a(divdf3.o)
                                                  c:/program files (x86)/atmel/atmel toolchain/arm gcc/native/4.8.1426/arm-gnu-toolchain/bin/../lib/gcc/arm-none-eabi/4.8.3/../../../../arm-none-eabi/lib/armv6-m\libc.a(lib_a-dtoa.o)
                                                  src/ASF/sam0/drivers/system/clock/clock_samd21_r21/gclk.o
                                                  src/ASF/sam0/drivers/system/clock/clock_samd21_r21/clock.o
__aeabi_uidivmod                                  c:/program files (x86)/atmel/atmel toolchain/arm gcc/native/4.8.1426/arm-gnu-toolchain/bin/../lib/gcc/arm-none-eabi/4.8.3/armv6-m\libgcc.a(_udivsi3.o)
                                                  c:/program files (x86)/atmel/atmel toolchain/arm gcc/native/4.8.1426/arm-gnu-toolchain/bin/../lib/gcc/arm-none-eabi/4.8.3/armv6-m\libgcc.a(_udivdi3.o)
                                                  c:/program files (x86)/atmel/atmel toolchain/arm gcc/native/4.8.1426/arm-gnu-toolchain/bin/../lib/gcc/arm-none-eabi/4.8.3/armv6-m\libgcc.a(_divdi3.o)
                                                  c:/program files (x86)/atmel/atmel toolchain/arm gcc/native/4.8.1426/arm-gnu-toolchain/bin/../lib/gcc/arm-none-eabi/4.8.3/armv6-m\libgcc.a(divdf3.o)
__aeabi_uldivmod                                  c:/program files (x86)/atmel/atmel toolchain/arm gcc/native/4.8.1426/arm-gnu-toolchain/bin/../lib/gcc/arm-none-eabi/4.8.3/armv6-m\libgcc.a(_aeabi_uldivmod.o)
                                                  c:/program files (x86)/atmel/atmel toolchain/arm gcc/native/4.8.1426/arm-gnu-toolchain/bin/../lib/gcc/arm-none-eabi/4.8.3/../../../../arm-none-eabi/lib/armv6-m\libc.a(lib_a-vfiprintf.o)
                                                  c:/program files (x86)/atmel/atmel toolchain/arm gcc/native/4.8.1426/arm-gnu-toolchain/bin/../lib/gcc/arm-none-eabi/4.8.3/../../../../arm-none-eabi/lib/armv6-m\libc.a(lib_a-vfprintf.o)
__any_on                                          c:/program files (x86)/atmel/atmel toolchain/arm gcc/native/4.8.1426/arm-gnu-toolchain/bin/../lib/gcc/arm-none-eabi/4.8.3/../../../../arm-none-eabi/lib/armv6-m\libc.a(lib_a-mprec.o)
__ascii_wctomb                                    c:/program files (x86)/atmel/atmel toolchain/arm gcc/native/4.8.1426/arm-gnu-toolchain/bin/../lib/gcc/arm-none-eabi/4.8.3/../../../../arm-none-eabi/lib/armv6-m\libc.a(lib_a-wctomb_r.o)
__b2d                                             c:/program files (x86)/atmel/atmel toolchain/arm gcc/native/4.8.1426/arm-gnu-toolchain/bin/../lib/gcc/arm-none-eabi/4.8.3/../../../../arm-none-eabi/lib/armv6-m\libc.a(lib_a-mprec.o)
__bss_end__                                       c:/program files (x86)/atmel/atmel toolchain/arm gcc/native/4.8.1426/arm-gnu-toolchain/bin/../lib/gcc/arm-none-eabi/4.8.3/../../../../arm-none-eabi/lib/armv6-m/crt0.o
__bss_start__                                     c:/program files (x86)/atmel/atmel toolchain/arm gcc/native/4.8.1426/arm-gnu-toolchain/bin/../lib/gcc/arm-none-eabi/4.8.3/../../../../arm-none-eabi/lib/armv6-m/crt0.o
__call_exitprocs                                  c:/program files (x86)/atmel/atmel toolchain/arm gcc/native/4.8.1426/arm-gnu-toolchain/bin/../lib/gcc/arm-none-eabi/4.8.3/../../../../arm-none-eabi/lib/armv6-m\libc.a(lib_a-__call_atexit.o)
                                                  c:/program files (x86)/atmel/atmel toolchain/arm gcc/native/4.8.1426/arm-gnu-toolchain/bin/../lib/gcc/arm-none-eabi/4.8.3/../../../../arm-none-eabi/lib/armv6-m\libc.a(lib_a-exit.o)
__clzsi2                                          c:/program files (x86)/atmel/atmel toolchain/arm gcc/native/4.8.1426/arm-gnu-toolchain/bin/../lib/gcc/arm-none-eabi/4.8.3/armv6-m\libgcc.a(_clzsi2.o)
                                                  c:/program files (x86)/atmel/atmel toolchain/arm gcc/native/4.8.1426/arm-gnu-toolchain/bin/../lib/gcc/arm-none-eabi/4.8.3/armv6-m\libgcc.a(_udivdi3.o)
                                                  c:/program files (x86)/atmel/atmel toolchain/arm gcc/native/4.8.1426/arm-gnu-toolchain/bin/../lib/gcc/arm-none-eabi/4.8.3/armv6-m\libgcc.a(_divdi3.o)
                                                  c:/program files (x86)/atmel/atmel toolchain/arm gcc/native/4.8.1426/arm-gnu-toolchain/bin/../lib/gcc/arm-none-eabi/4.8.3/armv6-m\libgcc.a(floatunsidf.o)
                                                  c:/program files (x86)/atmel/atmel toolchain/arm gcc/native/4.8.1426/arm-gnu-toolchain/bin/../lib/gcc/arm-none-eabi/4.8.3/armv6-m\libgcc.a(floatsidf.o)
                                                  c:/program files (x86)/atmel/atmel toolchain/arm gcc/native/4.8.1426/arm-gnu-toolchain/bin/../lib/gcc/arm-none-eabi/4.8.3/armv6-m\libgcc.a(subdf3.o)
                                                  c:/program files (x86)/atmel/atmel toolchain/arm gcc/native/4.8.1426/arm-gnu-toolchain/bin/../lib/gcc/arm-none-eabi/4.8.3/armv6-m\libgcc.a(muldf3.o)
                                                  c:/program files (x86)/atmel/atmel toolchain/arm gcc/native/4.8.1426/arm-gnu-toolchain/bin/../lib/gcc/arm-none-eabi/4.8.3/armv6-m\libgcc.a(divdf3.o)
                                                  c:/program files (x86)/atmel/atmel toolchain/arm gcc/native/4.8.1426/arm-gnu-toolchain/bin/../lib/gcc/arm-none-eabi/4.8.3/armv6-m\libgcc.a(adddf3.o)
__copybits                                        c:/program files (x86)/atmel/atmel toolchain/arm gcc/native/4.8.1426/arm-gnu-toolchain/bin/../lib/gcc/arm-none-eabi/4.8.3/../../../../arm-none-eabi/lib/armv6-m\libc.a(lib_a-mprec.o)
__d2b                                             c:/program files (x86)/atmel/atmel toolchain/arm gcc/native/4.8.1426/arm-gnu-toolchain/bin/../lib/gcc/arm-none-eabi/4.8.3/../../../../arm-none-eabi/lib/armv6-m\libc.a(lib_a-mprec.o)
                                                  c:/program files (x86)/atmel/atmel toolchain/arm gcc/native/4.8.1426/arm-gnu-toolchain/bin/../lib/gcc/arm-none-eabi/4.8.3/../../../../arm-none-eabi/lib/armv6-m\libc.a(lib_a-dtoa.o)
__deregister_frame_info                           c:/program files (x86)/atmel/atmel toolchain/arm gcc/native/4.8.1426/arm-gnu-toolchain/bin/../lib/gcc/arm-none-eabi/4.8.3/armv6-m/crtbegin.o
__divdi3                                          c:/program files (x86)/atmel/atmel toolchain/arm gcc/native/4.8.1426/arm-gnu-toolchain/bin/../lib/gcc/arm-none-eabi/4.8.3/armv6-m\libgcc.a(_divdi3.o)
                                                  c:/program files (x86)/atmel/atmel toolchain/arm gcc/native/4.8.1426/arm-gnu-toolchain/bin/../lib/gcc/arm-none-eabi/4.8.3/armv6-m\libgcc.a(bpabi.o)
__divsi3                                          c:/program files (x86)/atmel/atmel toolchain/arm gcc/native/4.8.1426/arm-gnu-toolchain/bin/../lib/gcc/arm-none-eabi/4.8.3/armv6-m\libgcc.a(_divsi3.o)
__dso_handle                                      c:/program files (x86)/atmel/atmel toolchain/arm gcc/native/4.8.1426/arm-gnu-toolchain/bin/../lib/gcc/arm-none-eabi/4.8.3/armv6-m/crtbegin.o
__eqdf2                                           c:/program files (x86)/atmel/atmel toolchain/arm gcc/native/4.8.1426/arm-gnu-toolchain/bin/../lib/gcc/arm-none-eabi/4.8.3/armv6-m\libgcc.a(eqdf2.o)
                                                  c:/program files (x86)/atmel/atmel toolchain/arm gcc/native/4.8.1426/arm-gnu-toolchain/bin/../lib/gcc/arm-none-eabi/4.8.3/armv6-m\libgcc.a(_arm_cmpdf2.o)
__fini_array_end                                  c:/program files (x86)/atmel/atmel toolchain/arm gcc/native/4.8.1426/arm-gnu-toolchain/bin/../lib/gcc/arm-none-eabi/4.8.3/../../../../arm-none-eabi/lib/armv6-m\libc.a(lib_a-fini.o)
__fini_array_start                                c:/program files (x86)/atmel/atmel toolchain/arm gcc/native/4.8.1426/arm-gnu-toolchain/bin/../lib/gcc/arm-none-eabi/4.8.3/../../../../arm-none-eabi/lib/armv6-m\libc.a(lib_a-fini.o)
__fp_lock_all                                     c:/program files (x86)/atmel/atmel toolchain/arm gcc/native/4.8.1426/arm-gnu-toolchain/bin/../lib/gcc/arm-none-eabi/4.8.3/../../../../arm-none-eabi/lib/armv6-m\libc.a(lib_a-findfp.o)
__fp_unlock_all                                   c:/program files (x86)/atmel/atmel toolchain/arm gcc/native/4.8.1426/arm-gnu-toolchain/bin/../lib/gcc/arm-none-eabi/4.8.3/../../../../arm-none-eabi/lib/armv6-m\libc.a(lib_a-findfp.o)
__fpclassifyd                                     c:/program files (x86)/atmel/atmel toolchain/arm gcc/native/4.8.1426/arm-gnu-toolchain/bin/../lib/gcc/arm-none-eabi/4.8.3/../../../../arm-none-eabi/lib/armv6-m\libc.a(lib_a-s_fpclassify.o)
                                                  c:/program files (x86)/atmel/atmel toolchain/arm gcc/native/4.8.1426/arm-gnu-toolchain/bin/../lib/gcc/arm-none-eabi/4.8.3/../../../../arm-none-eabi/lib/armv6-m\libc.a(lib_a-vfprintf.o)
__gedf2                                           c:/program files (x86)/atmel/atmel toolchain/arm gcc/native/4.8.1426/arm-gnu-toolchain/bin/../lib/gcc/arm-none-eabi/4.8.3/armv6-m\libgcc.a(gedf2.o)
                                                  c:/program files (x86)/atmel/atmel toolchain/arm gcc/native/4.8.1426/arm-gnu-toolchain/bin/../lib/gcc/arm-none-eabi/4.8.3/armv6-m\libgcc.a(_arm_cmpdf2.o)
__gnu_ldivmod_helper                              c:/program files (x86)/atmel/atmel toolchain/arm gcc/native/4.8.1426/arm-gnu-toolchain/bin/../lib/gcc/arm-none-eabi/4.8.3/armv6-m\libgcc.a(bpabi.o)
__gnu_thumb1_case_uhi                             c:/program files (x86)/atmel/atmel toolchain/arm gcc/native/4.8.1426/arm-gnu-toolchain/bin/../lib/gcc/arm-none-eabi/4.8.3/armv6-m\libgcc.a(_thumb1_case_uhi.o)
                                                  c:/program files (x86)/atmel/atmel toolchain/arm gcc/native/4.8.1426/arm-gnu-toolchain/bin/../lib/gcc/arm-none-eabi/4.8.3/../../../../arm-none-eabi/lib/armv6-m\libc.a(lib_a-vfprintf.o)
__gnu_thumb1_case_uqi                             c:/program files (x86)/atmel/atmel toolchain/arm gcc/native/4.8.1426/arm-gnu-toolchain/bin/../lib/gcc/arm-none-eabi/4.8.3/armv6-m\libgcc.a(_thumb1_case_uqi.o)
                                                  c:/program files (x86)/atmel/atmel toolchain/arm gcc/native/4.8.1426/arm-gnu-toolchain/bin/../lib/gcc/arm-none-eabi/4.8.3/../../../../arm-none-eabi/lib/armv6-m\libc.a(lib_a-dtoa.o)
__gnu_uldivmod_helper                             c:/program files (x86)/atmel/atmel toolchain/arm gcc/native/4.8.1426/arm-gnu-toolchain/bin/../lib/gcc/arm-none-eabi/4.8.3/armv6-m\libgcc.a(bpabi.o)
                                                  c:/program files (x86)/atmel/atmel toolchain/arm gcc/native/4.8.1426/arm-gnu-toolchain/bin/../lib/gcc/arm-none-eabi/4.8.3/armv6-m\libgcc.a(_aeabi_uldivmod.o)
__gtdf2                                           c:/program files (x86)/atmel/atmel toolchain/arm gcc/native/4.8.1426/arm-gnu-toolchain/bin/../lib/gcc/arm-none-eabi/4.8.3/armv6-m\libgcc.a(gedf2.o)
__hi0bits                                         c:/program files (x86)/atmel/atmel toolchain/arm gcc/native/4.8.1426/arm-gnu-toolchain/bin/../lib/gcc/arm-none-eabi/4.8.3/../../../../arm-none-eabi/lib/armv6-m\libc.a(lib_a-mprec.o)
                                                  c:/program files (x86)/atmel/atmel toolchain/arm gcc/native/4.8.1426/arm-gnu-toolchain/bin/../lib/gcc/arm-none-eabi/4.8.3/../../../../arm-none-eabi/lib/armv6-m\libc.a(lib_a-dtoa.o)
__i2b                                             c:/program files (x86)/atmel/atmel toolchain/arm gcc/native/4.8.1426/arm-gnu-toolchain/bin/../lib/gcc/arm-none-eabi/4.8.3/../../../../arm-none-eabi/lib/armv6-m\libc.a(lib_a-mprec.o)
                                                  c:/program files (x86)/atmel/atmel toolchain/arm gcc/native/4.8.1426/arm-gnu-toolchain/bin/../lib/gcc/arm-none-eabi/4.8.3/../../../../arm-none-eabi/lib/armv6-m\libc.a(lib_a-dtoa.o)
__init_array_end                                  c:/program files (x86)/atmel/atmel toolchain/arm gcc/native/4.8.1426/arm-gnu-toolchain/bin/../lib/gcc/arm-none-eabi/4.8.3/../../../../arm-none-eabi/lib/armv6-m\libc.a(lib_a-init.o)
__init_array_start                                c:/program files (x86)/atmel/atmel toolchain/arm gcc/native/4.8.1426/arm-gnu-toolchain/bin/../lib/gcc/arm-none-eabi/4.8.3/../../../../arm-none-eabi/lib/armv6-m\libc.a(lib_a-init.o)
__ledf2                                           c:/program files (x86)/atmel/atmel toolchain/arm gcc/native/4.8.1426/arm-gnu-toolchain/bin/../lib/gcc/arm-none-eabi/4.8.3/armv6-m\libgcc.a(ledf2.o)
                                                  c:/program files (x86)/atmel/atmel toolchain/arm gcc/native/4.8.1426/arm-gnu-toolchain/bin/../lib/gcc/arm-none-eabi/4.8.3/armv6-m\libgcc.a(_arm_cmpdf2.o)
__libc_fini                                       c:/program files (x86)/atmel/atmel toolchain/arm gcc/native/4.8.1426/arm-gnu-toolchain/bin/../lib/gcc/arm-none-eabi/4.8.3/../../../../arm-none-eabi/lib/armv6-m\libc.a(lib_a-__call_atexit.o)
__libc_fini_array                                 c:/program files (x86)/atmel/atmel toolchain/arm gcc/native/4.8.1426/arm-gnu-toolchain/bin/../lib/gcc/arm-none-eabi/4.8.3/../../../../arm-none-eabi/lib/armv6-m\libc.a(lib_a-fini.o)
                                                  c:/program files (x86)/atmel/atmel toolchain/arm gcc/native/4.8.1426/arm-gnu-toolchain/bin/../lib/gcc/arm-none-eabi/4.8.3/../../../../arm-none-eabi/lib/armv6-m\libc.a(lib_a-__call_atexit.o)
                                                  c:/program files (x86)/atmel/atmel toolchain/arm gcc/native/4.8.1426/arm-gnu-toolchain/bin/../lib/gcc/arm-none-eabi/4.8.3/../../../../arm-none-eabi/lib/armv6-m/crt0.o
__libc_init_array                                 c:/program files (x86)/atmel/atmel toolchain/arm gcc/native/4.8.1426/arm-gnu-toolchain/bin/../lib/gcc/arm-none-eabi/4.8.3/../../../../arm-none-eabi/lib/armv6-m\libc.a(lib_a-init.o)
                                                  src/ASF/sam0/utils/cmsis/samd21/source/gcc/startup_samd21.o
                                                  c:/program files (x86)/atmel/atmel toolchain/arm gcc/native/4.8.1426/arm-gnu-toolchain/bin/../lib/gcc/arm-none-eabi/4.8.3/../../../../arm-none-eabi/lib/armv6-m/crt0.o
__lo0bits                                         c:/program files (x86)/atmel/atmel toolchain/arm gcc/native/4.8.1426/arm-gnu-toolchain/bin/../lib/gcc/arm-none-eabi/4.8.3/../../../../arm-none-eabi/lib/armv6-m\libc.a(lib_a-mprec.o)
__locale_charset                                  c:/program files (x86)/atmel/atmel toolchain/arm gcc/native/4.8.1426/arm-gnu-toolchain/bin/../lib/gcc/arm-none-eabi/4.8.3/../../../../arm-none-eabi/lib/armv6-m\libc.a(lib_a-locale.o)
                                                  c:/program files (x86)/atmel/atmel toolchain/arm gcc/native/4.8.1426/arm-gnu-toolchain/bin/../lib/gcc/arm-none-eabi/4.8.3/../../../../arm-none-eabi/lib/armv6-m\libc.a(lib_a-wctomb_r.o)
                                                  c:/program files (x86)/atmel/atmel toolchain/arm gcc/native/4.8.1426/arm-gnu-toolchain/bin/../lib/gcc/arm-none-eabi/4.8.3/../../../../arm-none-eabi/lib/armv6-m\libc.a(lib_a-wcrtomb.o)
__locale_cjk_lang                                 c:/program files (x86)/atmel/atmel toolchain/arm gcc/native/4.8.1426/arm-gnu-toolchain/bin/../lib/gcc/arm-none-eabi/4.8.3/../../../../arm-none-eabi/lib/armv6-m\libc.a(lib_a-locale.o)
__locale_mb_cur_max                               c:/program files (x86)/atmel/atmel toolchain/arm gcc/native/4.8.1426/arm-gnu-toolchain/bin/../lib/gcc/arm-none-eabi/4.8.3/../../../../arm-none-eabi/lib/armv6-m\libc.a(lib_a-locale.o)
                                                  c:/program files (x86)/atmel/atmel toolchain/arm gcc/native/4.8.1426/arm-gnu-toolchain/bin/../lib/gcc/arm-none-eabi/4.8.3/../../../../arm-none-eabi/lib/armv6-m\libc.a(lib_a-fputwc.o)
__locale_msgcharset                               c:/program files (x86)/atmel/atmel toolchain/arm gcc/native/4.8.1426/arm-gnu-toolchain/bin/../lib/gcc/arm-none-eabi/4.8.3/../../../../arm-none-eabi/lib/armv6-m\libc.a(lib_a-locale.o)
__lshift                                          c:/program files (x86)/atmel/atmel toolchain/arm gcc/native/4.8.1426/arm-gnu-toolchain/bin/../lib/gcc/arm-none-eabi/4.8.3/../../../../arm-none-eabi/lib/armv6-m\libc.a(lib_a-mprec.o)
                                                  c:/program files (x86)/atmel/atmel toolchain/arm gcc/native/4.8.1426/arm-gnu-toolchain/bin/../lib/gcc/arm-none-eabi/4.8.3/../../../../arm-none-eabi/lib/armv6-m\libc.a(lib_a-dtoa.o)
__ltdf2                                           c:/program files (x86)/atmel/atmel toolchain/arm gcc/native/4.8.1426/arm-gnu-toolchain/bin/../lib/gcc/arm-none-eabi/4.8.3/armv6-m\libgcc.a(ledf2.o)
__malloc_av_                                      c:/program files (x86)/atmel/atmel toolchain/arm gcc/native/4.8.1426/arm-gnu-toolchain/bin/../lib/gcc/arm-none-eabi/4.8.3/../../../../arm-none-eabi/lib/armv6-m\libc.a(lib_a-mallocr.o)
                                                  c:/program files (x86)/atmel/atmel toolchain/arm gcc/native/4.8.1426/arm-gnu-toolchain/bin/../lib/gcc/arm-none-eabi/4.8.3/../../../../arm-none-eabi/lib/armv6-m\libc.a(lib_a-reallocr.o)
                                                  c:/program files (x86)/atmel/atmel toolchain/arm gcc/native/4.8.1426/arm-gnu-toolchain/bin/../lib/gcc/arm-none-eabi/4.8.3/../../../../arm-none-eabi/lib/armv6-m\libc.a(lib_a-freer.o)
__malloc_current_mallinfo                         c:/program files (x86)/atmel/atmel toolchain/arm gcc/native/4.8.1426/arm-gnu-toolchain/bin/../lib/gcc/arm-none-eabi/4.8.3/../../../../arm-none-eabi/lib/armv6-m\libc.a(lib_a-mallocr.o)
                                                  c:/program files (x86)/atmel/atmel toolchain/arm gcc/native/4.8.1426/arm-gnu-toolchain/bin/../lib/gcc/arm-none-eabi/4.8.3/../../../../arm-none-eabi/lib/armv6-m\libc.a(lib_a-freer.o)
__malloc_lock                                     c:/program files (x86)/atmel/atmel toolchain/arm gcc/native/4.8.1426/arm-gnu-toolchain/bin/../lib/gcc/arm-none-eabi/4.8.3/../../../../arm-none-eabi/lib/armv6-m\libc.a(lib_a-mlock.o)
                                                  c:/program files (x86)/atmel/atmel toolchain/arm gcc/native/4.8.1426/arm-gnu-toolchain/bin/../lib/gcc/arm-none-eabi/4.8.3/../../../../arm-none-eabi/lib/armv6-m\libc.a(lib_a-reallocr.o)
                                                  c:/program files (x86)/atmel/atmel toolchain/arm gcc/native/4.8.1426/arm-gnu-toolchain/bin/../lib/gcc/arm-none-eabi/4.8.3/../../../../arm-none-eabi/lib/armv6-m\libc.a(lib_a-mallocr.o)
                                                  c:/program files (x86)/atmel/atmel toolchain/arm gcc/native/4.8.1426/arm-gnu-toolchain/bin/../lib/gcc/arm-none-eabi/4.8.3/../../../../arm-none-eabi/lib/armv6-m\libc.a(lib_a-freer.o)
__malloc_max_sbrked_mem                           c:/program files (x86)/atmel/atmel toolchain/arm gcc/native/4.8.1426/arm-gnu-toolchain/bin/../lib/gcc/arm-none-eabi/4.8.3/../../../../arm-none-eabi/lib/armv6-m\libc.a(lib_a-mallocr.o)
__malloc_max_total_mem                            c:/program files (x86)/atmel/atmel toolchain/arm gcc/native/4.8.1426/arm-gnu-toolchain/bin/../lib/gcc/arm-none-eabi/4.8.3/../../../../arm-none-eabi/lib/armv6-m\libc.a(lib_a-mallocr.o)
__malloc_sbrk_base                                c:/program files (x86)/atmel/atmel toolchain/arm gcc/native/4.8.1426/arm-gnu-toolchain/bin/../lib/gcc/arm-none-eabi/4.8.3/../../../../arm-none-eabi/lib/armv6-m\libc.a(lib_a-mallocr.o)